Component: ARM Compiler 5.05 update 1 (build 106) Tool: armlink [4d0efa]

==============================================================================

Section Cross References

    main.o(.text) refers to delay.o(.text) for delay_init
    main.o(.text) refers to bsp.o(.text) for PID_SET_Init
    main.o(.text) refers to stm32f4xx_tim.o(.text) for TIM_SetCompare1
    main.o(.text) refers to remote.o(.data) for shooting_position
    main.o(.text) refers to dbus.o(.bss) for RC_Ctl
    system_stm32f4xx.o(.text) refers to system_stm32f4xx.o(.data) for SystemCoreClock
    bsp.o(.text) refers to misc.o(.text) for NVIC_PriorityGroupConfig
    bsp.o(.text) refers to led.o(.text) for LED_Init
    bsp.o(.text) refers to key.o(.text) for KEY_Init
    bsp.o(.text) refers to laser.o(.text) for Laser_Init
    bsp.o(.text) refers to can.o(.text) for CAN1_Init
    bsp.o(.text) refers to dbus.o(.text) for DBUS_Init
    bsp.o(.text) refers to referee_system.o(.text) for Referee_Init
    bsp.o(.text) refers to imu_ex.o(.text) for IMU_EX_Init
    bsp.o(.text) refers to superdr.o(.text) for superDR_init
    bsp.o(.text) refers to timer.o(.text) for TIM3_Init
    bsp.o(.text) refers to friction.o(.text) for TIM1_Init
    bsp.o(.text) refers to stm32f4xx_tim.o(.text) for TIM_SetCompare1
    bsp.o(.text) refers to usart2.o(.text) for Usart2_init
    bsp.o(.text) refers to pid.o(.text) for PID_Init
    bsp.o(.text) refers to pid.o(.bss) for CM1_speed_pid
    control.o(.text) refers to superdr.o(.text) for superDR_open
    control.o(.text) refers to dleqf.o(x$fpl$dleqf) for __aeabi_cdcmple
    control.o(.text) refers to drleqf.o(x$fpl$drleqf) for __aeabi_cdrcmple
    control.o(.text) refers to dfix.o(x$fpl$dfix) for __aeabi_d2iz
    control.o(.text) refers to f2d.o(x$fpl$f2d) for __aeabi_f2d
    control.o(.text) refers to dflt_clz.o(x$fpl$dflt) for __aeabi_i2d
    control.o(.text) refers to pid.o(.text) for PID_Calc
    control.o(.text) refers to daddsub_clz.o(x$fpl$dadd) for __aeabi_dadd
    control.o(.text) refers to dmul.o(x$fpl$dmul) for __aeabi_dmul
    control.o(.text) refers to basic.o(x$fpl$basic) for __aeabi_dneg
    control.o(.text) refers to ddiv.o(x$fpl$ddiv) for __aeabi_ddiv
    control.o(.text) refers to daddsub_clz.o(x$fpl$dsub) for __aeabi_dsub
    control.o(.text) refers to control.o(.data) for time_tick_1ms
    control.o(.text) refers to imu_ex.o(.bss) for MPUEX
    control.o(.text) refers to iwdg.o(.data) for Dog
    control.o(.text) refers to referee_system.o(.bss) for InfantryJudge
    control.o(.text) refers to control.o(.constdata) for power_data
    control.o(.text) refers to remote.o(.data) for denfense_mode
    control.o(.text) refers to can.o(.bss) for Yaw_position_Feedback
    control.o(.text) refers to pid.o(.bss) for Gyro_normal_pid
    control.o(.text) refers to can.o(.text) for Set_CM_Speed
    control.o(.text) refers to stm32f4xx_tim.o(.text) for TIM_SetCompare1
    control.o(.text) refers to referee_system.o(.data) for max_heat16
    remote.o(.text) refers to dflt_clz.o(x$fpl$dflt) for __aeabi_i2d
    remote.o(.text) refers to dmul.o(x$fpl$dmul) for __aeabi_dmul
    remote.o(.text) refers to f2d.o(x$fpl$f2d) for __aeabi_f2d
    remote.o(.text) refers to daddsub_clz.o(x$fpl$dadd) for __aeabi_dadd
    remote.o(.text) refers to d2f.o(x$fpl$d2f) for __aeabi_d2f
    remote.o(.text) refers to control.o(.text) for Friction_ON
    remote.o(.text) refers to remote.o(.data) for flag
    remote.o(.text) refers to dbus.o(.bss) for RC_Ctl
    remote.o(.text) refers to control.o(.data) for vz
    remote.o(.text) refers to daddsub_clz.o(x$fpl$dsub) for __aeabi_dsub
    remote.o(.text) refers to drleqf.o(x$fpl$drleqf) for __aeabi_cdrcmple
    remote.o(.text) refers to dleqf.o(x$fpl$dleqf) for __aeabi_cdcmple
    pid.o(.text) refers to drleqf.o(x$fpl$drleqf) for __aeabi_cdrcmple
    pid.o(.text) refers to basic.o(x$fpl$basic) for __aeabi_dneg
    pid.o(.text) refers to daddsub_clz.o(x$fpl$dsub) for __aeabi_dsub
    pid.o(.text) refers to ddiv.o(x$fpl$ddiv) for __aeabi_ddiv
    pid.o(.text) refers to dleqf.o(x$fpl$dleqf) for __aeabi_cdcmple
    pid.o(.text) refers to daddsub_clz.o(x$fpl$dadd) for __aeabi_dadd
    pid.o(.text) refers to dmul.o(x$fpl$dmul) for __aeabi_dmul
    pid.o(.text) refers to daddsub_clz.o(x$fpl$drsb) for __aeabi_drsub
    pid.o(.text) refers to d2f.o(x$fpl$d2f) for __aeabi_d2f
    pid.o(.text) refers to f2d.o(x$fpl$f2d) for __aeabi_f2d
    pid.o(.text) refers to pid.o(.bss) for Shoot_position_pid
    imu.o(.text) refers to spi.o(.text) for SPI5_ReadWriteByte
    imu.o(.text) refers to delay.o(.text) for delay_ms
    imu.o(.text) refers to imu.o(.data) for MPU_Tx
    imu.o(.text) refers to imu.o(.bss) for imu_data
    imu.o(.text) refers to rt_memcpy_w.o(.text) for __aeabi_memcpy4
    imu.o(.text) refers to imu.o(.constdata) for .constdata
    imu_deal.o(.text) refers to daddsub_clz.o(x$fpl$dsub) for __aeabi_dsub
[...]
    .text                                    0x08005e4a   Section       74  sys_stackheap_outer.o(.text)
    .text                                    0x08005e94   Section        0  exit.o(.text)
    .text                                    0x08005ea0   Section        8  libspace.o(.text)
    .text                                    0x08005ea8   Section        0  sys_exit.o(.text)
    .text                                    0x08005eb4   Section        2  use_no_semi.o(.text)
    .text                                    0x08005eb6   Section        0  indicate_semi.o(.text)
    x$fpl$basic                              0x08005eb6   Section       24  basic.o(x$fpl$basic)
    $v0                                      0x08005eb6   Number         0  basic.o(x$fpl$basic)
    x$fpl$d2f                                0x08005ed0   Section       98  d2f.o(x$fpl$d2f)
    $v0                                      0x08005ed0   Number         0  d2f.o(x$fpl$d2f)
    x$fpl$dadd                               0x08005f34   Section      336  daddsub_clz.o(x$fpl$dadd)
    $v0                                      0x08005f34   Number         0  daddsub_clz.o(x$fpl$dadd)
    _dadd1                                   0x08005f45   Thumb Code     0  daddsub_clz.o(x$fpl$dadd)
    x$fpl$dcmpinf                            0x08006084   Section       24  dcmpi.o(x$fpl$dcmpinf)
    $v0                                      0x08006084   Number         0  dcmpi.o(x$fpl$dcmpinf)
    x$fpl$ddiv                               0x0800609c   Section      688  ddiv.o(x$fpl$ddiv)
    $v0                                      0x0800609c   Number         0  ddiv.o(x$fpl$ddiv)
    ddiv_entry                               0x080060a3   Thumb Code     0  ddiv.o(x$fpl$ddiv)
    x$fpl$dfix                               0x0800634c   Section       94  dfix.o(x$fpl$dfix)
    $v0                                      0x0800634c   Number         0  dfix.o(x$fpl$dfix)
    x$fpl$dflt                               0x080063aa   Section       46  dflt_clz.o(x$fpl$dflt)
    $v0                                      0x080063aa   Number         0  dflt_clz.o(x$fpl$dflt)
    x$fpl$dleqf                              0x080063d8   Section      120  dleqf.o(x$fpl$dleqf)
    $v0                                      0x080063d8   Number         0  dleqf.o(x$fpl$dleqf)
    x$fpl$dmul                               0x08006450   Section      340  dmul.o(x$fpl$dmul)
    $v0                                      0x08006450   Number         0  dmul.o(x$fpl$dmul)
    x$fpl$dnaninf                            0x080065a4   Section      156  dnaninf.o(x$fpl$dnaninf)
    $v0                                      0x080065a4   Number         0  dnaninf.o(x$fpl$dnaninf)
    x$fpl$dretinf                            0x08006640   Section       12  dretinf.o(x$fpl$dretinf)
    $v0                                      0x08006640   Number         0  dretinf.o(x$fpl$dretinf)
    x$fpl$drleqf                             0x0800664c   Section      108  drleqf.o(x$fpl$drleqf)
    $v0                                      0x0800664c   Number         0  drleqf.o(x$fpl$drleqf)
    x$fpl$drsb                               0x080066b8   Section       22  daddsub_clz.o(x$fpl$drsb)
    $v0                                      0x080066b8   Number         0  daddsub_clz.o(x$fpl$drsb)
    x$fpl$dsub                               0x080066d0   Section      468  daddsub_clz.o(x$fpl$dsub)
    $v0                                      0x080066d0   Number         0  daddsub_clz.o(x$fpl$dsub)
    _dsub1                                   0x080066e1   Thumb Code     0  daddsub_clz.o(x$fpl$dsub)
    x$fpl$f2d                                0x080068a4   Section       86  f2d.o(x$fpl$f2d)
    $v0                                      0x080068a4   Number         0  f2d.o(x$fpl$f2d)
    x$fpl$fnaninf                            0x080068fa   Section      140  fnaninf.o(x$fpl$fnaninf)
    $v0                                      0x080068fa   Number         0  fnaninf.o(x$fpl$fnaninf)
    x$fpl$fpinit                             0x08006986   Section       10  fpinit.o(x$fpl$fpinit)
    $v0                                      0x08006986   Number         0  fpinit.o(x$fpl$fpinit)
    x$fpl$fretinf                            0x08006990   Section       10  fretinf.o(x$fpl$fretinf)
    $v0                                      0x08006990   Number         0  fretinf.o(x$fpl$fretinf)
    x$fpl$usenofp                            0x0800699a   Section        0  usenofp.o(x$fpl$usenofp)
    .constdata                               0x0800699c   Section      264  control.o(.constdata)
    .constdata                               0x08006aa4   Section      770  referee_system.o(.constdata)
    .data                                    0x20000000   Section       20  system_stm32f4xx.o(.data)
    .data                                    0x20000018   Section      116  control.o(.data)
    .data                                    0x20000090   Section       72  remote.o(.data)
    .data                                    0x200000d8   Section       20  imu_ex.o(.data)
    .data                                    0x200000ec   Section        1  key.o(.data)
    key_up                                   0x200000ec   Data           1  key.o(.data)
    .data                                    0x200000ed   Section        5  iwdg.o(.data)
    .data                                    0x200000f2   Section       22  usart2.o(.data)
    Rx_Act                                   0x200000f2   Data           1  usart2.o(.data)
    Rx_Adr                                   0x200000f3   Data           1  usart2.o(.data)
    .data                                    0x20000108   Section       45  referee_system.o(.data)
    .data                                    0x20000136   Section        4  delay.o(.data)
    fac_us                                   0x20000136   Data           1  delay.o(.data)
    fac_ms                                   0x20000138   Data           2  delay.o(.data)
    .data                                    0x2000013a   Section       16  stm32f4xx_rcc.o(.data)
    APBAHBPrescTable                         0x2000013a   Data          16  stm32f4xx_rcc.o(.data)
    .bss                                     0x20000150   Section     1664  pid.o(.bss)
    .bss                                     0x200007d0   Section       92  imu_ex.o(.bss)
    .bss                                     0x2000082c   Section      280  can.o(.bss)
    .bss                                     0x20000944   Section       46  dbus.o(.bss)
    .bss                                     0x20000972   Section      162  usart2.o(.bss)
    .bss                                     0x20000a18   Section      301  referee_system.o(.bss)
    .bss                                     0x20000b48   Section       96  libspace.o(.bss)
    HEAP                                     0x20000ba8   Section      512  startup_stm32f427_437xx.o(HEAP)
    Heap_Mem                                 0x20000ba8   Data         512  startup_stm32f427_437xx.o(HEAP)
    STACK                                    0x20000da8   Section     1024  startup_stm32f427_437xx.o(STACK)
    Stack_Mem                                0x20000da8   Data        1024  startup_stm32f427_437xx.o(STACK)
    __initial_sp                             0x200011a8   Data           0  startup_stm32f427_437xx.o(STACK)

    Global Symbols

    Symbol Name                              Value     Ov Type        Size  Object(Section)

    BuildAttributes$$THM_ISAv4$E$P$D$K$B$S$7EM$VFPi3$EXTD16$VFPS$VFMA$PE$A:L22UL41UL21$X:L11$S22US41US21$IEEE1$IW$USESV6$~STKCKD$USESV7$~SHL$OSPACE$ROPI$EBA8$UX$STANDARDLIB$REQ8$PRES8$EABIv2 0x00000000   Number         0  anon$$obj.o ABSOLUTE
    __ARM_use_no_argv                        0x00000000   Number         0  main.o ABSOLUTE
    __ARM_exceptions_init                     - Undefined Weak Reference
    __alloca_initialize                       - Undefined Weak Reference
    __arm_preinit_                            - Undefined Weak Reference
    __cpp_initialize__aeabi_                  - Undefined Weak Reference
    __cxa_finalize                            - Undefined Weak Reference
    __rt_locale                               - Undefined Weak Reference
    __sigvec_lookup                           - Undefined Weak Reference
    _atexit_init                              - Undefined Weak Reference
    _call_atexit_fns                          - Undefined Weak Reference
    _clock_init                               - Undefined Weak Reference
    _fp_trap_init                             - Undefined Weak Reference
    _fp_trap_shutdown                         - Undefined Weak Reference
    _get_lc_collate                           - Undefined Weak Reference
    _get_lc_ctype                             - Undefined Weak Reference
    _get_lc_monetary                          - Undefined Weak Reference
    _get_lc_numeric                           - Undefined Weak Reference
    _get_lc_time                              - Undefined Weak Reference
    _getenv_init                              - Undefined Weak Reference
    _handle_redirection                       - Undefined Weak Reference
    _init_alloc                               - Undefined Weak Reference
    _init_user_alloc                          - Undefined Weak Reference
    _initio                                   - Undefined Weak Reference
    _rand_init                                - Undefined Weak Reference
    _signal_finish                            - Undefined Weak Reference
    _signal_init                              - Undefined Weak Reference
    _terminate_alloc                          - Undefined Weak Reference
    _terminate_user_alloc                     - Undefined Weak Reference
    _terminateio                              - Undefined Weak Reference
    __Vectors_Size                           0x000001ac   Number         0  startup_stm32f427_437xx.o ABSOLUTE
    __Vectors                                0x08000000   Data           4  startup_stm32f427_437xx.o(RESET)
    __Vectors_End                            0x080001ac   Data           0  startup_stm32f427_437xx.o(RESET)
    __main                                   0x080001ad   Thumb Code     8  __main.o(!!!main)
    __scatterload                            0x080001b5   Thumb Code     0  __scatter.o(!!!scatter)
    __scatterload_rt2                        0x080001b5   Thumb Code    44  __scatter.o(!!!scatter)
    __scatterload_rt2_thumb_only             0x080001b5   Thumb Code     0  __scatter.o(!!!scatter)
    __scatterload_null                       0x080001c3   Thumb Code     0  __scatter.o(!!!scatter)
    __decompress                             0x080001e9   Thumb Code    90  __dczerorl2.o(!!dczerorl2)
    __decompress1                            0x080001e9   Thumb Code     0  __dczerorl2.o(!!dczerorl2)
    __scatterload_zeroinit                   0x08000245   Thumb Code    28  __scatter_zi.o(!!handler_zi)
    __rt_lib_init                            0x08000261   Thumb Code     0  libinit.o(.ARM.Collect$$libinit$$00000000)
    __rt_lib_init_fp_1                       0x08000263   Thumb Code     0  libinit2.o(.ARM.Collect$$libinit$$00000001)
    __rt_lib_init_alloca_1                   0x08000267   Thumb Code     0  libinit2.o(.ARM.Collect$$libinit$$0000002E)
    __rt_lib_init_argv_1                     0x08000267   Thumb Code     0  libinit2.o(.ARM.Collect$$libinit$$0000002C)
    __rt_lib_init_atexit_1                   0x08000267   Thumb Code     0  libinit2.o(.ARM.Collect$$libinit$$0000001B)
    __rt_lib_init_clock_1                    0x08000267   Thumb Code     0  libinit2.o(.ARM.Collect$$libinit$$00000021)
    __rt_lib_init_cpp_1                      0x08000267   Thumb Code     0  libinit2.o(.ARM.Collect$$libinit$$00000032)
    __rt_lib_init_exceptions_1               0x08000267   Thumb Code     0  libinit2.o(.ARM.Collect$$libinit$$00000030)
    __rt_lib_init_fp_trap_1                  0x08000267   Thumb Code     0  libinit2.o(.ARM.Collect$$libinit$$0000001F)
    __rt_lib_init_getenv_1                   0x08000267   Thumb Code     0  libinit2.o(.ARM.Collect$$libinit$$00000023)
    __rt_lib_init_heap_1                     0x08000267   Thumb Code     0  libinit2.o(.ARM.Collect$$libinit$$0000000A)
    __rt_lib_init_lc_collate_1               0x08000267   Thumb Code     0  libinit2.o(.ARM.Collect$$libinit$$00000011)
    __rt_lib_init_lc_ctype_1                 0x08000267   Thumb Code     0  libinit2.o(.ARM.Collect$$libinit$$00000013)
    __rt_lib_init_lc_monetary_1              0x08000267   Thumb Code     0  libinit2.o(.ARM.Collect$$libinit$$00000015)
    __rt_lib_init_lc_numeric_1               0x08000267   Thumb Code     0  libinit2.o(.ARM.Collect$$libinit$$00000017)
    __rt_lib_init_lc_time_1                  0x08000267   Thumb Code     0  libinit2.o(.ARM.Collect$$libinit$$00000019)
    __rt_lib_init_preinit_1                  0x08000267   Thumb Code     0  libinit2.o(.ARM.Collect$$libinit$$00000004)
    __rt_lib_init_rand_1                     0x08000267   Thumb Code     0  libinit2.o(.ARM.Collect$$libinit$$0000000E)
    __rt_lib_init_return                     0x08000267   Thumb Code     0  libinit2.o(.ARM.Collect$$libinit$$00000033)
    __rt_lib_init_signal_1                   0x08000267   Thumb Code     0  libinit2.o(.ARM.Collect$$libinit$$0000001D)
    __rt_lib_init_stdio_1                    0x08000267   Thumb Code     0  libinit2.o(.ARM.Collect$$libinit$$00000025)
    __rt_lib_init_user_alloc_1               0x08000267   Thumb Code     0  libinit2.o(.ARM.Collect$$libinit$$0000000C)
    __rt_lib_shutdown                        0x08000269   Thumb Code     0  libshutdown.o(.ARM.Collect$$libshutdown$$00000000)
    __rt_lib_shutdown_fp_trap_1              0x0800026b   Thumb Code     0  libshutdown2.o(.ARM.Collect$$libshutdown$$00000006)
    __rt_lib_shutdown_heap_1                 0x0800026b   Thumb Code     0  libshutdown2.o(.ARM.Collect$$libshutdown$$0000000E)
    __rt_lib_shutdown_return                 0x0800026b   Thumb Code     0  libshutdown2.o(.ARM.Collect$$libshutdown$$0000000F)
    __rt_lib_shutdown_signal_1               0x0800026b   Thumb Code     0  libshutdown2.o(.ARM.Collect$$libshutdown$$00000009)
    __rt_lib_shutdown_stdio_1                0x0800026b   Thumb Code     0  libshutdown2.o(.ARM.Collect$$libshutdown$$00000003)
    __rt_lib_shutdown_user_alloc_1           0x0800026b   Thumb Code     0  libshutdown2.o(.ARM.Collect$$libshutdown$$0000000B)
    __rt_entry                               0x0800026d   Thumb Code     0  __rtentry.o(.ARM.Collect$$rtentry$$00000000)
    __rt_entry_presh_1                       0x0800026d   Thumb Code     0  __rtentry2.o(.ARM.Collect$$rtentry$$00000002)
    __rt_entry_sh                            0x0800026d   Thumb Code     0  __rtentry4.o(.ARM.Collect$$rtentry$$00000004)
    __rt_entry_li                            0x08000273   Thumb Code     0  __rtentry2.o(.ARM.Collect$$rtentry$$0000000A)
    __rt_entry_postsh_1                      0x08000273   Thumb Code     0  __rtentry2.o(.ARM.Collect$$rtentry$$00000009)
    __rt_entry_main                          0x08000277   Thumb Code     0  __rtentry2.o(.ARM.Collect$$rtentry$$0000000D)
    __rt_entry_postli_1                      0x08000277   Thumb Code     0  __rtentry2.o(.ARM.Collect$$rtentry$$0000000C)
    __rt_exit                                0x0800027f   Thumb Code     0  rtexit.o(.ARM.Collect$$rtexit$$00000000)
    __rt_exit_ls                             0x08000281   Thumb Code     0  rtexit2.o(.ARM.Collect$$rtexit$$00000003)
    __rt_exit_prels_1                        0x08000281   Thumb Code     0  rtexit2.o(.ARM.Collect$$rtexit$$00000002)
    __rt_exit_exit                           0x08000285   Thumb Code     0  rtexit2.o(.ARM.Collect$$rtexit$$00000004)
    main                                     0x0800028d   Thumb Code    66  main.o(.text)
    NMI_Handler                              0x080002e1   Thumb Code     2  stm32f4xx_it.o(.text)
    HardFault_Handler                        0x080002e3   Thumb Code     4  stm32f4xx_it.o(.text)
    MemManage_Handler                        0x080002e7   Thumb Code     4  stm32f4xx_it.o(.text)
    BusFault_Handler                         0x080002eb   Thumb Code     4  stm32f4xx_it.o(.text)
    UsageFault_Handler                       0x080002ef   Thumb Code     4  stm32f4xx_it.o(.text)
    SVC_Handler                              0x080002f3   Thumb Code     2  stm32f4xx_it.o(.text)
    DebugMon_Handler                         0x080002f5   Thumb Code     2  stm32f4xx_it.o(.text)
    PendSV_Handler                           0x080002f7   Thumb Code     2  stm32f4xx_it.o(.text)
    SysTick_Handler                          0x080002f9   Thumb Code     2  stm32f4xx_it.o(.text)
    SystemInit                               0x0800040d   Thumb Code    88  system_stm32f4xx.o(.text)
    SystemCoreClockUpdate                    0x08000465   Thumb Code   174  system_stm32f4xx.o(.text)
    BSP_Init                                 0x08000541   Thumb Code   112  bsp.o(.text)
    PID_SET_Init                             0x080005b1   Thumb Code   498  bsp.o(.text)
    Control_Task                             0x080008e1   Thumb Code   154  control.o(.text)
    Power_Limited                            0x0800097b   Thumb Code   144  control.o(.text)
    CMControlLoop                            0x08000a0b   Thumb Code  1110  control.o(.text)
    GMControlLoop                            0x08000e61   Thumb Code  1032  control.o(.text)
    SMControlLoop                            0x08001269   Thumb Code   204  control.o(.text)
    Friction_ON                              0x08001335   Thumb Code    48  control.o(.text)
    Friction_OFF                             0x08001365   Thumb Code    46  control.o(.text)
    PID_Init                                 0x080013d9   Thumb Code    82  pid.o(.text)
    MyAbs                                    0x0800142b   Thumb Code    26  pid.o(.text)
    PID_Calc                                 0x08001445   Thumb Code  1720  pid.o(.text)
    IMU_EX_Init                              0x08001b19   Thumb Code   260  imu_ex.o(.text)
    DMA1_Stream1_IRQHandler                  0x08001c1d   Thumb Code   436  imu_ex.o(.text)
    LED_Init                                 0x08001e0d   Thumb Code   112  led.o(.text)
    Laser_Init                               0x08001e85   Thumb Code    52  laser.o(.text)
    KEY_Init                                 0x08001ebd   Thumb Code    44  key.o(.text)
    KEY_Scan                                 0x08001ee9   Thumb Code    82  key.o(.text)
    CAN1_Init                                0x08001f45   Thumb Code   234  can.o(.text)
    Position_Round_Data_deal                 0x0800202f   Thumb Code   130  can.o(.text)
    Shooting_Speed_Data_deal                 0x080020b1   Thumb Code    34  can.o(.text)
    Position_Data_deal                       0x080020d3   Thumb Code    38  can.o(.text)
    Speed_Data_deal                          0x080020f9   Thumb Code    34  can.o(.text)
    Motor_Data_Receive                       0x0800211b   Thumb Code   120  can.o(.text)
    CAN1_RX0_IRQHandler                      0x08002193   Thumb Code    40  can.o(.text)
    Set_CM_Speed                             0x080021bb   Thumb Code    94  can.o(.text)
    Set_Gimbal_Current                       0x08002219   Thumb Code    84  can.o(.text)
    Get_Position_Bias                        0x0800226d   Thumb Code    20  can.o(.text)
    DBUS_Init                                0x080022ad   Thumb Code   260  dbus.o(.text)
    DMA2_Stream2_IRQHandler                  0x080023b1   Thumb Code   240  dbus.o(.text)
    TIM3_Init                                0x080024c5   Thumb Code    90  timer.o(.text)
    TIM3_IRQHandler                          0x0800251f   Thumb Code    28  timer.o(.text)
    TIM2_Configuration                       0x0800253b   Thumb Code    60  timer.o(.text)
    Get_Time_Micros                          0x08002577   Thumb Code     8  timer.o(.text)
    TIM1_Init                                0x08002585   Thumb Code   334  friction.o(.text)
    Usart2_init                              0x080026e5   Thumb Code   172  usart2.o(.text)
    USART2_Send_Data                         0x08002791   Thumb Code    30  usart2.o(.text)
    USART2_Send_Buf                          0x080027af   Thumb Code    26  usart2.o(.text)
    USART6_Send_Data                         0x080027c9   Thumb Code    30  usart2.o(.text)
    USART6_Send_Buf                          0x080027e7   Thumb Code    26  usart2.o(.text)
    USART2_IRQHandler                        0x08002801   Thumb Code   970  usart2.o(.text)
    Send_data16                              0x08002bcb   Thumb Code   200  usart2.o(.text)
    Send_data8                               0x08002c93   Thumb Code   138  usart2.o(.text)
    superDR_init                             0x08002d35   Thumb Code    48  superdr.o(.text)
    superDR_open                             0x08002d65   Thumb Code    12  superdr.o(.text)
    Referee_Init                             0x08002d75   Thumb Code   300  referee_system.o(.text)
    Get_CRC8_Check_Sum                       0x08002ea1   Thumb Code    30  referee_system.o(.text)
    Verify_CRC8_Check_Sum                    0x08002ebf   Thumb Code    46  referee_system.o(.text)
    Append_CRC8_Check_Sum                    0x08002eed   Thumb Code    36  referee_system.o(.text)
    Get_CRC16_Check_Sum                      0x08002f11   Thumb Code    46  referee_system.o(.text)
    Verify_CRC16_Check_Sum                   0x08002f3f   Thumb Code    60  referee_system.o(.text)
    Append_CRC16_Check_Sum                   0x08002f7b   Thumb Code    44  referee_system.o(.text)
    data_pack_handle                         0x08002fa7   Thumb Code    72  referee_system.o(.text)
    USART6_IRQHandler                        0x08002fef   Thumb Code   772  referee_system.o(.text)
    delay_init                               0x0800331d   Thumb Code    52  delay.o(.text)
    delay_us                                 0x08003351   Thumb Code    72  delay.o(.text)
    delay_xms                                0x08003399   Thumb Code    72  delay.o(.text)
    delay_ms                                 0x080033e1   Thumb Code    56  delay.o(.text)
    NVIC_PriorityGroupConfig                 0x08003421   Thumb Code    10  misc.o(.text)
    NVIC_Init                                0x0800342b   Thumb Code   106  misc.o(.text)
    NVIC_SetVectorTable                      0x08003495   Thumb Code    14  misc.o(.text)
    NVIC_SystemLPConfig                      0x080034a3   Thumb Code    34  misc.o(.text)
    SysTick_CLKSourceConfig                  0x080034c5   Thumb Code    40  misc.o(.text)
    GPIO_DeInit                              0x08003501   Thumb Code   268  stm32f4xx_gpio.o(.text)
    GPIO_Init                                0x0800360d   Thumb Code   144  stm32f4xx_gpio.o(.text)
    GPIO_StructInit                          0x0800369d   Thumb Code    18  stm32f4xx_gpio.o(.text)
    GPIO_PinLockConfig                       0x080036af   Thumb Code    34  stm32f4xx_gpio.o(.text)
    GPIO_ReadInputDataBit                    0x080036d1   Thumb Code    18  stm32f4xx_gpio.o(.text)
    GPIO_ReadInputData                       0x080036e3   Thumb Code     8  stm32f4xx_gpio.o(.text)
    GPIO_ReadOutputDataBit                   0x080036eb   Thumb Code    18  stm32f4xx_gpio.o(.text)
    GPIO_ReadOutputData                      0x080036fd   Thumb Code     8  stm32f4xx_gpio.o(.text)
    GPIO_SetBits                             0x08003705   Thumb Code     4  stm32f4xx_gpio.o(.text)
    GPIO_ResetBits                           0x08003709   Thumb Code     4  stm32f4xx_gpio.o(.text)
    GPIO_WriteBit                            0x0800370d   Thumb Code    10  stm32f4xx_gpio.o(.text)
    GPIO_Write                               0x08003717   Thumb Code     4  stm32f4xx_gpio.o(.text)
    GPIO_ToggleBits                          0x0800371b   Thumb Code     8  stm32f4xx_gpio.o(.text)
    GPIO_PinAFConfig                         0x08003723   Thumb Code    70  stm32f4xx_gpio.o(.text)
    RCC_DeInit                               0x08003795   Thumb Code    82  stm32f4xx_rcc.o(.text)
    RCC_HSEConfig                            0x080037e7   Thumb Code    14  stm32f4xx_rcc.o(.text)
    RCC_GetFlagStatus                        0x080037f5   Thumb Code    60  stm32f4xx_rcc.o(.text)
    RCC_WaitForHSEStartUp                    0x08003831   Thumb Code    56  stm32f4xx_rcc.o(.text)
    RCC_AdjustHSICalibrationValue            0x08003869   Thumb Code    20  stm32f4xx_rcc.o(.text)
    RCC_HSICmd                               0x0800387d   Thumb Code     6  stm32f4xx_rcc.o(.text)
    RCC_LSEConfig                            0x08003883   Thumb Code    46  stm32f4xx_rcc.o(.text)
    RCC_LSICmd                               0x080038b1   Thumb Code     6  stm32f4xx_rcc.o(.text)
    RCC_PLLConfig                            0x080038b7   Thumb Code    32  stm32f4xx_rcc.o(.text)
    RCC_PLLCmd                               0x080038d7   Thumb Code     6  stm32f4xx_rcc.o(.text)
    RCC_PLLI2SConfig                         0x080038dd   Thumb Code    20  stm32f4xx_rcc.o(.text)
    RCC_PLLI2SCmd                            0x080038f1   Thumb Code     6  stm32f4xx_rcc.o(.text)
    RCC_PLLSAIConfig                         0x080038f7   Thumb Code    20  stm32f4xx_rcc.o(.text)
    RCC_PLLSAICmd                            0x0800390b   Thumb Code     6  stm32f4xx_rcc.o(.text)
    RCC_ClockSecuritySystemCmd               0x08003911   Thumb Code     6  stm32f4xx_rcc.o(.text)
    RCC_MCO1Config                           0x08003917   Thumb Code    28  stm32f4xx_rcc.o(.text)
    RCC_MCO2Config                           0x08003933   Thumb Code    28  stm32f4xx_rcc.o(.text)
    RCC_SYSCLKConfig                         0x0800394f   Thumb Code    20  stm32f4xx_rcc.o(.text)
    RCC_GetSYSCLKSource                      0x08003963   Thumb Code    12  stm32f4xx_rcc.o(.text)
    RCC_HCLKConfig                           0x0800396f   Thumb Code    20  stm32f4xx_rcc.o(.text)
    RCC_PCLK1Config                          0x08003983   Thumb Code    20  stm32f4xx_rcc.o(.text)
    RCC_PCLK2Config                          0x08003997   Thumb Code    22  stm32f4xx_rcc.o(.text)
    RCC_GetClocksFreq                        0x080039ad   Thumb Code   222  stm32f4xx_rcc.o(.text)
    RCC_RTCCLKConfig                         0x08003a8b   Thumb Code    54  stm32f4xx_rcc.o(.text)
    RCC_RTCCLKCmd                            0x08003ac1   Thumb Code     8  stm32f4xx_rcc.o(.text)
    RCC_BackupResetCmd                       0x08003ac9   Thumb Code     8  stm32f4xx_rcc.o(.text)
    RCC_I2SCLKConfig                         0x08003ad1   Thumb Code     6  stm32f4xx_rcc.o(.text)
    RCC_SAIPLLI2SClkDivConfig                0x08003ad7   Thumb Code    26  stm32f4xx_rcc.o(.text)
    RCC_SAIPLLSAIClkDivConfig                0x08003af1   Thumb Code    28  stm32f4xx_rcc.o(.text)
    RCC_SAIBlockACLKConfig                   0x08003b0d   Thumb Code    20  stm32f4xx_rcc.o(.text)
    RCC_SAIBlockBCLKConfig                   0x08003b21   Thumb Code    20  stm32f4xx_rcc.o(.text)
    RCC_LTDCCLKDivConfig                     0x08003b35   Thumb Code    20  stm32f4xx_rcc.o(.text)
    RCC_TIMCLKPresConfig                     0x08003b49   Thumb Code     6  stm32f4xx_rcc.o(.text)
    RCC_AHB1PeriphClockCmd                   0x08003b4f   Thumb Code    82  stm32f4xx_rcc.o(.text)
    RCC_AHB2PeriphClockCmd                   0x08003ba1   Thumb Code    26  stm32f4xx_rcc.o(.text)
    RCC_AHB3PeriphClockCmd                   0x08003bbb   Thumb Code    34  stm32f4xx_rcc.o(.text)
    RCC_APB1PeriphClockCmd                   0x08003bdd   Thumb Code    34  stm32f4xx_rcc.o(.text)
    RCC_APB2PeriphClockCmd                   0x08003bff   Thumb Code    34  stm32f4xx_rcc.o(.text)
    RCC_AHB1PeriphResetCmd                   0x08003c21   Thumb Code    34  stm32f4xx_rcc.o(.text)
    RCC_AHB2PeriphResetCmd                   0x08003c43   Thumb Code    34  stm32f4xx_rcc.o(.text)
    RCC_AHB3PeriphResetCmd                   0x08003c65   Thumb Code    34  stm32f4xx_rcc.o(.text)
    RCC_APB1PeriphResetCmd                   0x08003c87   Thumb Code    34  stm32f4xx_rcc.o(.text)
    RCC_APB2PeriphResetCmd                   0x08003ca9   Thumb Code    34  stm32f4xx_rcc.o(.text)
    RCC_AHB1PeriphClockLPModeCmd             0x08003ccb   Thumb Code    34  stm32f4xx_rcc.o(.text)
    RCC_AHB2PeriphClockLPModeCmd             0x08003ced   Thumb Code    34  stm32f4xx_rcc.o(.text)
    RCC_AHB3PeriphClockLPModeCmd             0x08003d0f   Thumb Code    34  stm32f4xx_rcc.o(.text)
    RCC_APB1PeriphClockLPModeCmd             0x08003d31   Thumb Code    34  stm32f4xx_rcc.o(.text)
    RCC_APB2PeriphClockLPModeCmd             0x08003d53   Thumb Code    34  stm32f4xx_rcc.o(.text)
    RCC_LSEModeConfig                        0x08003d75   Thumb Code    40  stm32f4xx_rcc.o(.text)
    RCC_ITConfig                             0x08003d9d   Thumb Code    34  stm32f4xx_rcc.o(.text)
    RCC_ClearFlag                            0x08003dbf   Thumb Code    18  stm32f4xx_rcc.o(.text)
    RCC_GetITStatus                          0x08003dd1   Thumb Code    22  stm32f4xx_rcc.o(.text)
    RCC_ClearITPendingBit                    0x08003de7   Thumb Code     8  stm32f4xx_rcc.o(.text)
    USART_DeInit                             0x08003df5   Thumb Code   206  stm32f4xx_usart.o(.text)
    USART_Init                               0x08003ec3   Thumb Code   204  stm32f4xx_usart.o(.text)
    USART_StructInit                         0x08003f8f   Thumb Code    24  stm32f4xx_usart.o(.text)
    USART_ClockInit                          0x08003fa7   Thumb Code    32  stm32f4xx_usart.o(.text)
    USART_ClockStructInit                    0x08003fc7   Thumb Code    12  stm32f4xx_usart.o(.text)
    USART_Cmd                                0x08003fd3   Thumb Code    24  stm32f4xx_usart.o(.text)
    USART_SetPrescaler                       0x08003feb   Thumb Code    16  stm32f4xx_usart.o(.text)
    USART_OverSampling8Cmd                   0x08003ffb   Thumb Code    22  stm32f4xx_usart.o(.text)
    USART_OneBitMethodCmd                    0x08004011   Thumb Code    24  stm32f4xx_usart.o(.text)
    USART_SendData                           0x08004029   Thumb Code     8  stm32f4xx_usart.o(.text)
    USART_ReceiveData                        0x08004031   Thumb Code    10  stm32f4xx_usart.o(.text)
    USART_SetAddress                         0x0800403b   Thumb Code    18  stm32f4xx_usart.o(.text)
    USART_ReceiverWakeUpCmd                  0x0800404d   Thumb Code    24  stm32f4xx_usart.o(.text)
    USART_WakeUpConfig                       0x08004065   Thumb Code    18  stm32f4xx_usart.o(.text)
    USART_LINBreakDetectLengthConfig         0x08004077   Thumb Code    18  stm32f4xx_usart.o(.text)
    USART_LINCmd                             0x08004089   Thumb Code    24  stm32f4xx_usart.o(.text)
    USART_SendBreak                          0x080040a1   Thumb Code    10  stm32f4xx_usart.o(.text)
    USART_HalfDuplexCmd                      0x080040ab   Thumb Code    24  stm32f4xx_usart.o(.text)
    USART_SetGuardTime                       0x080040c3   Thumb Code    16  stm32f4xx_usart.o(.text)
    USART_SmartCardCmd                       0x080040d3   Thumb Code    24  stm32f4xx_usart.o(.text)
    USART_SmartCardNACKCmd                   0x080040eb   Thumb Code    24  stm32f4xx_usart.o(.text)
    USART_IrDAConfig                         0x08004103   Thumb Code    18  stm32f4xx_usart.o(.text)
    USART_IrDACmd                            0x08004115   Thumb Code    24  stm32f4xx_usart.o(.text)
    USART_DMACmd                             0x0800412d   Thumb Code    18  stm32f4xx_usart.o(.text)
    USART_ITConfig                           0x0800413f   Thumb Code    74  stm32f4xx_usart.o(.text)
    USART_GetFlagStatus                      0x08004189   Thumb Code    26  stm32f4xx_usart.o(.text)
    USART_ClearFlag                          0x080041a3   Thumb Code    18  stm32f4xx_usart.o(.text)
    USART_GetITStatus                        0x080041b5   Thumb Code   118  stm32f4xx_usart.o(.text)
    USART_ClearITPendingBit                  0x0800422b   Thumb Code    30  stm32f4xx_usart.o(.text)
    CAN_DeInit                               0x08004249   Thumb Code    50  stm32f4xx_can.o(.text)
    CAN_Init                                 0x0800427b   Thumb Code   276  stm32f4xx_can.o(.text)
    CAN_FilterInit                           0x0800438f   Thumb Code   258  stm32f4xx_can.o(.text)
    CAN_StructInit                           0x08004491   Thumb Code    32  stm32f4xx_can.o(.text)
    CAN_SlaveStartBank                       0x080044b1   Thumb Code    48  stm32f4xx_can.o(.text)
    CAN_DBGFreeze                            0x080044e1   Thumb Code    22  stm32f4xx_can.o(.text)
    CAN_TTComModeCmd                         0x080044f7   Thumb Code   118  stm32f4xx_can.o(.text)
    CAN_Transmit                             0x0800456d   Thumb Code   304  stm32f4xx_can.o(.text)
    CAN_TransmitStatus                       0x0800469d   Thumb Code   138  stm32f4xx_can.o(.text)
    CAN_CancelTransmit                       0x08004727   Thumb Code    48  stm32f4xx_can.o(.text)
    CAN_Receive                              0x08004757   Thumb Code   240  stm32f4xx_can.o(.text)
    CAN_FIFORelease                          0x08004847   Thumb Code    22  stm32f4xx_can.o(.text)
    CAN_MessagePending                       0x0800485d   Thumb Code    30  stm32f4xx_can.o(.text)
    CAN_OperatingModeRequest                 0x0800487b   Thumb Code   162  stm32f4xx_can.o(.text)
    CAN_Sleep                                0x0800491d   Thumb Code    30  stm32f4xx_can.o(.text)
    CAN_WakeUp                               0x0800493b   Thumb Code    48  stm32f4xx_can.o(.text)
    CAN_GetLastErrorCode                     0x0800496b   Thumb Code    12  stm32f4xx_can.o(.text)
    CAN_GetReceiveErrorCounter               0x08004977   Thumb Code    10  stm32f4xx_can.o(.text)
    CAN_GetLSBTransmitErrorCounter           0x08004981   Thumb Code    12  stm32f4xx_can.o(.text)
    CAN_ITConfig                             0x0800498d   Thumb Code    18  stm32f4xx_can.o(.text)
    CAN_GetFlagStatus                        0x0800499f   Thumb Code   120  stm32f4xx_can.o(.text)
    CAN_ClearFlag                            0x08004a17   Thumb Code    52  stm32f4xx_can.o(.text)
    CAN_GetITStatus                          0x08004a5d   Thumb Code   310  stm32f4xx_can.o(.text)
    CAN_ClearITPendingBit                    0x08004b93   Thumb Code   162  stm32f4xx_can.o(.text)
    DMA_DeInit                               0x08004c39   Thumb Code   324  stm32f4xx_dma.o(.text)
    DMA_Init                                 0x08004d7d   Thumb Code    82  stm32f4xx_dma.o(.text)
    DMA_StructInit                           0x08004dcf   Thumb Code    34  stm32f4xx_dma.o(.text)
    DMA_Cmd                                  0x08004df1   Thumb Code    22  stm32f4xx_dma.o(.text)
    DMA_PeriphIncOffsetSizeConfig            0x08004e07   Thumb Code    22  stm32f4xx_dma.o(.text)
    DMA_FlowControllerConfig                 0x08004e1d   Thumb Code    22  stm32f4xx_dma.o(.text)
    DMA_SetCurrDataCounter                   0x08004e33   Thumb Code     4  stm32f4xx_dma.o(.text)
    DMA_GetCurrDataCounter                   0x08004e37   Thumb Code     8  stm32f4xx_dma.o(.text)
    DMA_DoubleBufferModeConfig               0x08004e3f   Thumb Code    24  stm32f4xx_dma.o(.text)
    DMA_DoubleBufferModeCmd                  0x08004e57   Thumb Code    22  stm32f4xx_dma.o(.text)
    DMA_MemoryTargetConfig                   0x08004e6d   Thumb Code    10  stm32f4xx_dma.o(.text)
    DMA_GetCurrentMemoryTarget               0x08004e77   Thumb Code    20  stm32f4xx_dma.o(.text)
    DMA_GetCmdStatus                         0x08004e8b   Thumb Code    20  stm32f4xx_dma.o(.text)
    DMA_GetFIFOStatus                        0x08004e9f   Thumb Code    12  stm32f4xx_dma.o(.text)
    DMA_GetFlagStatus                        0x08004eab   Thumb Code    56  stm32f4xx_dma.o(.text)
    DMA_ClearFlag                            0x08004ee3   Thumb Code    40  stm32f4xx_dma.o(.text)
    DMA_ITConfig                             0x08004f0b   Thumb Code    58  stm32f4xx_dma.o(.text)
    DMA_GetITStatus                          0x08004f45   Thumb Code    84  stm32f4xx_dma.o(.text)
    DMA_ClearITPendingBit                    0x08004f99   Thumb Code    40  stm32f4xx_dma.o(.text)
    TIM_DeInit                               0x08004fe1   Thumb Code   346  stm32f4xx_tim.o(.text)
    TIM_TimeBaseInit                         0x0800513b   Thumb Code   104  stm32f4xx_tim.o(.text)
    TIM_TimeBaseStructInit                   0x080051a3   Thumb Code    18  stm32f4xx_tim.o(.text)
    TIM_PrescalerConfig                      0x080051b5   Thumb Code     6  stm32f4xx_tim.o(.text)
    TIM_CounterModeConfig                    0x080051bb   Thumb Code    18  stm32f4xx_tim.o(.text)
    TIM_SetCounter                           0x080051cd   Thumb Code     4  stm32f4xx_tim.o(.text)
    TIM_SetAutoreload                        0x080051d1   Thumb Code     4  stm32f4xx_tim.o(.text)
    TIM_GetCounter                           0x080051d5   Thumb Code     6  stm32f4xx_tim.o(.text)
    TIM_GetPrescaler                         0x080051db   Thumb Code     6  stm32f4xx_tim.o(.text)
    TIM_UpdateDisableConfig                  0x080051e1   Thumb Code    24  stm32f4xx_tim.o(.text)
    TIM_UpdateRequestConfig                  0x080051f9   Thumb Code    24  stm32f4xx_tim.o(.text)
    TIM_ARRPreloadConfig                     0x08005211   Thumb Code    24  stm32f4xx_tim.o(.text)
    TIM_SelectOnePulseMode                   0x08005229   Thumb Code    18  stm32f4xx_tim.o(.text)
    TIM_SetClockDivision                     0x0800523b   Thumb Code    18  stm32f4xx_tim.o(.text)
    TIM_Cmd                                  0x0800524d   Thumb Code    24  stm32f4xx_tim.o(.text)
    TIM_OC1Init                              0x08005265   Thumb Code   114  stm32f4xx_tim.o(.text)
    TIM_OC2Init                              0x080052d7   Thumb Code   154  stm32f4xx_tim.o(.text)
    TIM_OC3Init                              0x08005371   Thumb Code   204  stm32f4xx_tim.o(.text)
    TIM_OC4Init                              0x0800543d   Thumb Code   112  stm32f4xx_tim.o(.text)
    TIM_OCStructInit                         0x080054ad   Thumb Code    20  stm32f4xx_tim.o(.text)
    TIM_SelectOCxM                           0x080054c1   Thumb Code    86  stm32f4xx_tim.o(.text)
    TIM_SetCompare1                          0x08005517   Thumb Code     4  stm32f4xx_tim.o(.text)
    TIM_SetCompare2                          0x0800551b   Thumb Code     4  stm32f4xx_tim.o(.text)
    TIM_SetCompare3                          0x0800551f   Thumb Code     4  stm32f4xx_tim.o(.text)
    TIM_SetCompare4                          0x08005523   Thumb Code     4  stm32f4xx_tim.o(.text)
    TIM_ForcedOC1Config                      0x08005527   Thumb Code    18  stm32f4xx_tim.o(.text)
    TIM_ForcedOC2Config                      0x08005539   Thumb Code    26  stm32f4xx_tim.o(.text)
    TIM_ForcedOC3Config                      0x08005553   Thumb Code    18  stm32f4xx_tim.o(.text)
    TIM_ForcedOC4Config                      0x08005565   Thumb Code    26  stm32f4xx_tim.o(.text)
    TIM_OC1PreloadConfig                     0x0800557f   Thumb Code    18  stm32f4xx_tim.o(.text)
    TIM_OC2PreloadConfig                     0x08005591   Thumb Code    26  stm32f4xx_tim.o(.text)
    TIM_OC3PreloadConfig                     0x080055ab   Thumb Code    18  stm32f4xx_tim.o(.text)
    TIM_OC4PreloadConfig                     0x080055bd   Thumb Code    26  stm32f4xx_tim.o(.text)
    TIM_OC1FastConfig                        0x080055d7   Thumb Code    18  stm32f4xx_tim.o(.text)
    TIM_OC2FastConfig                        0x080055e9   Thumb Code    26  stm32f4xx_tim.o(.text)
    TIM_OC3FastConfig                        0x08005603   Thumb Code    18  stm32f4xx_tim.o(.text)
    TIM_OC4FastConfig                        0x08005615   Thumb Code    26  stm32f4xx_tim.o(.text)
    TIM_ClearOC1Ref                          0x0800562f   Thumb Code    18  stm32f4xx_tim.o(.text)
    TIM_ClearOC2Ref                          0x08005641   Thumb Code    24  stm32f4xx_tim.o(.text)
    TIM_ClearOC3Ref                          0x08005659   Thumb Code    18  stm32f4xx_tim.o(.text)
    TIM_ClearOC4Ref                          0x0800566b   Thumb Code    24  stm32f4xx_tim.o(.text)
    TIM_OC1PolarityConfig                    0x08005683   Thumb Code    18  stm32f4xx_tim.o(.text)
    TIM_OC1NPolarityConfig                   0x08005695   Thumb Code    18  stm32f4xx_tim.o(.text)
    TIM_OC2PolarityConfig                    0x080056a7   Thumb Code    26  stm32f4xx_tim.o(.text)
    TIM_OC2NPolarityConfig                   0x080056c1   Thumb Code    26  stm32f4xx_tim.o(.text)
    TIM_OC3PolarityConfig                    0x080056db   Thumb Code    26  stm32f4xx_tim.o(.text)
    TIM_OC3NPolarityConfig                   0x080056f5   Thumb Code    26  stm32f4xx_tim.o(.text)
    TIM_OC4PolarityConfig                    0x0800570f   Thumb Code    26  stm32f4xx_tim.o(.text)
    TIM_CCxCmd                               0x08005729   Thumb Code    30  stm32f4xx_tim.o(.text)
    TIM_CCxNCmd                              0x08005747   Thumb Code    30  stm32f4xx_tim.o(.text)
    TIM_SetIC4Prescaler                      0x08005765   Thumb Code    26  stm32f4xx_tim.o(.text)
    TIM_SetIC3Prescaler                      0x080057cf   Thumb Code    18  stm32f4xx_tim.o(.text)
    TIM_SetIC2Prescaler                      0x08005829   Thumb Code    26  stm32f4xx_tim.o(.text)
    TIM_SetIC1Prescaler                      0x0800589d   Thumb Code    18  stm32f4xx_tim.o(.text)
    TIM_ICInit                               0x080058e9   Thumb Code   110  stm32f4xx_tim.o(.text)
    TIM_ICStructInit                         0x08005957   Thumb Code    18  stm32f4xx_tim.o(.text)
    TIM_PWMIConfig                           0x08005969   Thumb Code   124  stm32f4xx_tim.o(.text)
    TIM_GetCapture1                          0x080059e5   Thumb Code     6  stm32f4xx_tim.o(.text)
    TIM_GetCapture2                          0x080059eb   Thumb Code     6  stm32f4xx_tim.o(.text)
    TIM_GetCapture3                          0x080059f1   Thumb Code     6  stm32f4xx_tim.o(.text)
    TIM_GetCapture4                          0x080059f7   Thumb Code     6  stm32f4xx_tim.o(.text)
    TIM_BDTRConfig                           0x080059fd   Thumb Code    32  stm32f4xx_tim.o(.text)
    TIM_BDTRStructInit                       0x08005a1d   Thumb Code    18  stm32f4xx_tim.o(.text)
    TIM_CtrlPWMOutputs                       0x08005a2f   Thumb Code    30  stm32f4xx_tim.o(.text)
    TIM_SelectCOM                            0x08005a4d   Thumb Code    24  stm32f4xx_tim.o(.text)
    TIM_CCPreloadControl                     0x08005a65   Thumb Code    24  stm32f4xx_tim.o(.text)
    TIM_ITConfig                             0x08005a7d   Thumb Code    18  stm32f4xx_tim.o(.text)
    TIM_GenerateEvent                        0x08005a8f   Thumb Code     4  stm32f4xx_tim.o(.text)
    TIM_GetFlagStatus                        0x08005a93   Thumb Code    18  stm32f4xx_tim.o(.text)
    TIM_ClearFlag                            0x08005aa5   Thumb Code     6  stm32f4xx_tim.o(.text)
    TIM_GetITStatus                          0x08005aab   Thumb Code    34  stm32f4xx_tim.o(.text)
    TIM_ClearITPendingBit                    0x08005acd   Thumb Code     6  stm32f4xx_tim.o(.text)
    TIM_DMAConfig                            0x08005ad3   Thumb Code    10  stm32f4xx_tim.o(.text)
    TIM_DMACmd                               0x08005add   Thumb Code    18  stm32f4xx_tim.o(.text)
    TIM_SelectCCDMA                          0x08005aef   Thumb Code    24  stm32f4xx_tim.o(.text)
    TIM_InternalClockConfig                  0x08005b07   Thumb Code    12  stm32f4xx_tim.o(.text)
    TIM_SelectInputTrigger                   0x08005b13   Thumb Code    18  stm32f4xx_tim.o(.text)
    TIM_ITRxExternalClockConfig              0x08005b25   Thumb Code    24  stm32f4xx_tim.o(.text)
    TIM_TIxExternalClockConfig               0x08005b3d   Thumb Code    62  stm32f4xx_tim.o(.text)
    TIM_ETRConfig                            0x08005b7b   Thumb Code    28  stm32f4xx_tim.o(.text)
    TIM_ETRClockMode1Config                  0x08005b97   Thumb Code    54  stm32f4xx_tim.o(.text)
    TIM_ETRClockMode2Config                  0x08005bcd   Thumb Code    32  stm32f4xx_tim.o(.text)
    TIM_SelectOutputTrigger                  0x08005bed   Thumb Code    18  stm32f4xx_tim.o(.text)
    TIM_SelectSlaveMode                      0x08005bff   Thumb Code    18  stm32f4xx_tim.o(.text)
    TIM_SelectMasterSlaveMode                0x08005c11   Thumb Code    18  stm32f4xx_tim.o(.text)
    TIM_EncoderInterfaceConfig               0x08005c23   Thumb Code    66  stm32f4xx_tim.o(.text)
    TIM_SelectHallSensor                     0x08005c65   Thumb Code    24  stm32f4xx_tim.o(.text)
    TIM_RemapConfig                          0x08005c7d   Thumb Code     6  stm32f4xx_tim.o(.text)
    Reset_Handler                            0x08005c85   Thumb Code     8  startup_stm32f427_437xx.o(.text)
    ADC_IRQHandler                           0x08005c9f   Thumb Code     0  startup_stm32f427_437xx.o(.text)
    CAN1_RX1_IRQHandler                      0x08005c9f   Thumb Code     0  startup_stm32f427_437xx.o(.text)
    CAN1_SCE_IRQHandler                      0x08005c9f   Thumb Code     0  startup_stm32f427_437xx.o(.text)
    CAN1_TX_IRQHandler                       0x08005c9f   Thumb Code     0  startup_stm32f427_437xx.o(.text)
    CAN2_RX0_IRQHandler                      0x08005c9f   Thumb Code     0  startup_stm32f427_437xx.o(.text)
    CAN2_RX1_IRQHandler                      0x08005c9f   Thumb Code     0  startup_stm32f427_437xx.o(.text)
    CAN2_SCE_IRQHandler                      0x08005c9f   Thumb Code     0  startup_stm32f427_437xx.o(.text)
    CAN2_TX_IRQHandler                       0x08005c9f   Thumb Code     0  startup_stm32f427_437xx.o(.text)
    CRYP_IRQHandler                          0x08005c9f   Thumb Code     0  startup_stm32f427_437xx.o(.text)
    DCMI_IRQHandler                          0x08005c9f   Thumb Code     0  startup_stm32f427_437xx.o(.text)
    DMA1_Stream0_IRQHandler                  0x08005c9f   Thumb Code     0  startup_stm32f427_437xx.o(.text)
    DMA1_Stream2_IRQHandler                  0x08005c9f   Thumb Code     0  startup_stm32f427_437xx.o(.text)
    DMA1_Stream3_IRQHandler                  0x08005c9f   Thumb Code     0  startup_stm32f427_437xx.o(.text)
    DMA1_Stream4_IRQHandler                  0x08005c9f   Thumb Code     0  startup_stm32f427_437xx.o(.text)
    DMA1_Stream5_IRQHandler                  0x08005c9f   Thumb Code     0  startup_stm32f427_437xx.o(.text)
    DMA1_Stream6_IRQHandler                  0x08005c9f   Thumb Code     0  startup_stm32f427_437xx.o(.text)
    DMA1_Stream7_IRQHandler                  0x08005c9f   Thumb Code     0  startup_stm32f427_437xx.o(.text)
    DMA2D_IRQHandler                         0x08005c9f   Thumb Code     0  startup_stm32f427_437xx.o(.text)
    DMA2_Stream0_IRQHandler                  0x08005c9f   Thumb Code     0  startup_stm32f427_437xx.o(.text)
    DMA2_Stream1_IRQHandler                  0x08005c9f   Thumb Code     0  startup_stm32f427_437xx.o(.text)
    DMA2_Stream3_IRQHandler                  0x08005c9f   Thumb Code     0  startup_stm32f427_437xx.o(.text)
    DMA2_Stream4_IRQHandler                  0x08005c9f   Thumb Code     0  startup_stm32f427_437xx.o(.text)
    DMA2_Stream5_IRQHandler                  0x08005c9f   Thumb Code     0  startup_stm32f427_437xx.o(.text)
    DMA2_Stream6_IRQHandler                  0x08005c9f   Thumb Code     0  startup_stm32f427_437xx.o(.text)
    DMA2_Stream7_IRQHandler                  0x08005c9f   Thumb Code     0  startup_stm32f427_437xx.o(.text)
    ETH_IRQHandler                           0x08005c9f   Thumb Code     0  startup_stm32f427_437xx.o(.text)
    ETH_WKUP_IRQHandler                      0x08005c9f   Thumb Code     0  startup_stm32f427_437xx.o(.text)
    EXTI0_IRQHandler                         0x08005c9f   Thumb Code     0  startup_stm32f427_437xx.o(.text)
    EXTI15_10_IRQHandler                     0x08005c9f   Thumb Code     0  startup_stm32f427_437xx.o(.text)
    EXTI1_IRQHandler                         0x08005c9f   Thumb Code     0  startup_stm32f427_437xx.o(.text)
    EXTI2_IRQHandler                         0x08005c9f   Thumb Code     0  startup_stm32f427_437xx.o(.text)
    EXTI3_IRQHandler                         0x08005c9f   Thumb Code     0  startup_stm32f427_437xx.o(.text)
    EXTI4_IRQHandler                         0x08005c9f   Thumb Code     0  startup_stm32f427_437xx.o(.text)
    EXTI9_5_IRQHandler                       0x08005c9f   Thumb Code     0  startup_stm32f427_437xx.o(.text)
    FLASH_IRQHandler                         0x08005c9f   Thumb Code     0  startup_stm32f427_437xx.o(.text)
    FMC_IRQHandler                           0x08005c9f   Thumb Code     0  startup_stm32f427_437xx.o(.text)
    FPU_IRQHandler                           0x08005c9f   Thumb Code     0  startup_stm32f427_437xx.o(.text)
    HASH_RNG_IRQHandler                      0x08005c9f   Thumb Code     0  startup_stm32f427_437xx.o(.text)
    I2C1_ER_IRQHandler                       0x08005c9f   Thumb Code     0  startup_stm32f427_437xx.o(.text)
    I2C1_EV_IRQHandler                       0x08005c9f   Thumb Code     0  startup_stm32f427_437xx.o(.text)
    I2C2_ER_IRQHandler                       0x08005c9f   Thumb Code     0  startup_stm32f427_437xx.o(.text)
    I2C2_EV_IRQHandler                       0x08005c9f   Thumb Code     0  startup_stm32f427_437xx.o(.text)
    I2C3_ER_IRQHandler                       0x08005c9f   Thumb Code     0  startup_stm32f427_437xx.o(.text)
    I2C3_EV_IRQHandler                       0x08005c9f   Thumb Code     0  startup_stm32f427_437xx.o(.text)
    OTG_FS_IRQHandler                        0x08005c9f   Thumb Code     0  startup_stm32f427_437xx.o(.text)
    OTG_FS_WKUP_IRQHandler                   0x08005c9f   Thumb Code     0  startup_stm32f427_437xx.o(.text)
    OTG_HS_EP1_IN_IRQHandler                 0x08005c9f   Thumb Code     0  startup_stm32f427_437xx.o(.text)
    OTG_HS_EP1_OUT_IRQHandler                0x08005c9f   Thumb Code     0  startup_stm32f427_437xx.o(.text)
    OTG_HS_IRQHandler                        0x08005c9f   Thumb Code     0  startup_stm32f427_437xx.o(.text)
    OTG_HS_WKUP_IRQHandler                   0x08005c9f   Thumb Code     0  startup_stm32f427_437xx.o(.text)
    PVD_IRQHandler                           0x08005c9f   Thumb Code     0  startup_stm32f427_437xx.o(.text)
    RCC_IRQHandler                           0x08005c9f   Thumb Code     0  startup_stm32f427_437xx.o(.text)
    RTC_Alarm_IRQHandler                     0x08005c9f   Thumb Code     0  startup_stm32f427_437xx.o(.text)
    RTC_WKUP_IRQHandler                      0x08005c9f   Thumb Code     0  startup_stm32f427_437xx.o(.text)
    SAI1_IRQHandler                          0x08005c9f   Thumb Code     0  startup_stm32f427_437xx.o(.text)
    SDIO_IRQHandler                          0x08005c9f   Thumb Code     0  startup_stm32f427_437xx.o(.text)
    SPI1_IRQHandler                          0x08005c9f   Thumb Code     0  startup_stm32f427_437xx.o(.text)
    SPI2_IRQHandler                          0x08005c9f   Thumb Code     0  startup_stm32f427_437xx.o(.text)
    SPI3_IRQHandler                          0x08005c9f   Thumb Code     0  startup_stm32f427_437xx.o(.text)
    SPI4_IRQHandler                          0x08005c9f   Thumb Code     0  startup_stm32f427_437xx.o(.text)
    SPI5_IRQHandler                          0x08005c9f   Thumb Code     0  startup_stm32f427_437xx.o(.text)
    SPI6_IRQHandler                          0x08005c9f   Thumb Code     0  startup_stm32f427_437xx.o(.text)
    TAMP_STAMP_IRQHandler                    0x08005c9f   Thumb Code     0  startup_stm32f427_437xx.o(.text)
    TIM1_BRK_TIM9_IRQHandler                 0x08005c9f   Thumb Code     0  startup_stm32f427_437xx.o(.text)
    TIM1_CC_IRQHandler                       0x08005c9f   Thumb Code     0  startup_stm32f427_437xx.o(.text)
    TIM1_TRG_COM_TIM11_IRQHandler            0x08005c9f   Thumb Code     0  startup_stm32f427_437xx.o(.text)
    TIM1_UP_TIM10_IRQHandler                 0x08005c9f   Thumb Code     0  startup_stm32f427_437xx.o(.text)
    TIM2_IRQHandler                          0x08005c9f   Thumb Code     0  startup_stm32f427_437xx.o(.text)
    TIM4_IRQHandler                          0x08005c9f   Thumb Code     0  startup_stm32f427_437xx.o(.text)
    TIM5_IRQHandler                          0x08005c9f   Thumb Code     0  startup_stm32f427_437xx.o(.text)
    TIM6_DAC_IRQHandler                      0x08005c9f   Thumb Code     0  startup_stm32f427_437xx.o(.text)
    TIM7_IRQHandler                          0x08005c9f   Thumb Code     0  startup_stm32f427_437xx.o(.text)
    TIM8_BRK_TIM12_IRQHandler                0x08005c9f   Thumb Code     0  startup_stm32f427_437xx.o(.text)
    TIM8_CC_IRQHandler                       0x08005c9f   Thumb Code     0  startup_stm32f427_437xx.o(.text)
    TIM8_TRG_COM_TIM14_IRQHandler            0x08005c9f   Thumb Code     0  startup_stm32f427_437xx.o(.text)
    TIM8_UP_TIM13_IRQHandler                 0x08005c9f   Thumb Code     0  startup_stm32f427_437xx.o(.text)
    UART4_IRQHandler                         0x08005c9f   Thumb Code     0  startup_stm32f427_437xx.o(.text)
    UART5_IRQHandler                         0x08005c9f   Thumb Code     0  startup_stm32f427_437xx.o(.text)
    UART7_IRQHandler                         0x08005c9f   Thumb Code     0  startup_stm32f427_437xx.o(.text)
    UART8_IRQHandler                         0x08005c9f   Thumb Code     0  startup_stm32f427_437xx.o(.text)
    USART1_IRQHandler                        0x08005c9f   Thumb Code     0  startup_stm32f427_437xx.o(.text)
    USART3_IRQHandler                        0x08005c9f   Thumb Code     0  startup_stm32f427_437xx.o(.text)
    WWDG_IRQHandler                          0x08005c9f   Thumb Code     0  startup_stm32f427_437xx.o(.text)
    __user_initial_stackheap                 0x08005ca1   Thumb Code     0  startup_stm32f427_437xx.o(.text)
    __aeabi_memcpy                           0x08005cc5   Thumb Code     0  rt_memcpy_v6.o(.text)
    __rt_memcpy                              0x08005cc5   Thumb Code   138  rt_memcpy_v6.o(.text)
    _memcpy_lastbytes                        0x08005d2b   Thumb Code     0  rt_memcpy_v6.o(.text)
    __aeabi_memcpy4                          0x08005d4f   Thumb Code     0  rt_memcpy_w.o(.text)
    __aeabi_memcpy8                          0x08005d4f   Thumb Code     0  rt_memcpy_w.o(.text)
    __rt_memcpy_w                            0x08005d4f   Thumb Code   100  rt_memcpy_w.o(.text)
    _memcpy_lastbytes_aligned                0x08005d97   Thumb Code     0  rt_memcpy_w.o(.text)
    __aeabi_memclr                           0x08005db3   Thumb Code     0  rt_memclr.o(.text)
    __rt_memclr                              0x08005db3   Thumb Code    68  rt_memclr.o(.text)
    _memset                                  0x08005db7   Thumb Code     0  rt_memclr.o(.text)
    __use_two_region_memory                  0x08005df7   Thumb Code     2  heapauxi.o(.text)
    __rt_heap_escrow$2region                 0x08005df9   Thumb Code     2  heapauxi.o(.text)
    __rt_heap_expand$2region                 0x08005dfb   Thumb Code     2  heapauxi.o(.text)
    __aeabi_memclr4                          0x08005dfd   Thumb Code     0  rt_memclr_w.o(.text)
    __aeabi_memclr8                          0x08005dfd   Thumb Code     0  rt_memclr_w.o(.text)
    __rt_memclr_w                            0x08005dfd   Thumb Code    78  rt_memclr_w.o(.text)
    _memset_w                                0x08005e01   Thumb Code     0  rt_memclr_w.o(.text)
    __user_setup_stackheap                   0x08005e4b   Thumb Code    74  sys_stackheap_outer.o(.text)
    exit                                     0x08005e95   Thumb Code    12  exit.o(.text)
    __user_libspace                          0x08005ea1   Thumb Code     8  libspace.o(.text)
    __user_perproc_libspace                  0x08005ea1   Thumb Code     0  libspace.o(.text)
    __user_perthread_libspace                0x08005ea1   Thumb Code     0  libspace.o(.text)
    _sys_exit                                0x08005ea9   Thumb Code     8  sys_exit.o(.text)
    __I$use$semihosting                      0x08005eb5   Thumb Code     0  use_no_semi.o(.text)
    __use_no_semihosting_swi                 0x08005eb5   Thumb Code     2  use_no_semi.o(.text)
    __aeabi_dneg                             0x08005eb7   Thumb Code     0  basic.o(x$fpl$basic)
    __semihosting_library_function           0x08005eb7   Thumb Code     0  indicate_semi.o(.text)
    _dneg                                    0x08005eb7   Thumb Code     6  basic.o(x$fpl$basic)
    __aeabi_fneg                             0x08005ebd   Thumb Code     0  basic.o(x$fpl$basic)
    _fneg                                    0x08005ebd   Thumb Code     6  basic.o(x$fpl$basic)
    _dabs                                    0x08005ec3   Thumb Code     6  basic.o(x$fpl$basic)
    _fabs                                    0x08005ec9   Thumb Code     6  basic.o(x$fpl$basic)
    __aeabi_d2f                              0x08005ed1   Thumb Code     0  d2f.o(x$fpl$d2f)
    _d2f                                     0x08005ed1   Thumb Code    98  d2f.o(x$fpl$d2f)
    __aeabi_dadd                             0x08005f35   Thumb Code     0  daddsub_clz.o(x$fpl$dadd)
    _dadd                                    0x08005f35   Thumb Code   332  daddsub_clz.o(x$fpl$dadd)
    __fpl_dcmp_Inf                           0x08006085   Thumb Code    24  dcmpi.o(x$fpl$dcmpinf)
    __aeabi_ddiv                             0x0800609d   Thumb Code     0  ddiv.o(x$fpl$ddiv)
    _ddiv                                    0x0800609d   Thumb Code   552  ddiv.o(x$fpl$ddiv)
    __aeabi_d2iz                             0x0800634d   Thumb Code     0  dfix.o(x$fpl$dfix)
    _dfix                                    0x0800634d   Thumb Code    94  dfix.o(x$fpl$dfix)
    __aeabi_i2d                              0x080063ab   Thumb Code     0  dflt_clz.o(x$fpl$dflt)
    _dflt                                    0x080063ab   Thumb Code    46  dflt_clz.o(x$fpl$dflt)
    __aeabi_cdcmple                          0x080063d9   Thumb Code     0  dleqf.o(x$fpl$dleqf)
    _dcmple                                  0x080063d9   Thumb Code   120  dleqf.o(x$fpl$dleqf)
    __fpl_dcmple_InfNaN                      0x0800643b   Thumb Code     0  dleqf.o(x$fpl$dleqf)
    __aeabi_dmul                             0x08006451   Thumb Code     0  dmul.o(x$fpl$dmul)
    _dmul                                    0x08006451   Thumb Code   332  dmul.o(x$fpl$dmul)
    __fpl_dnaninf                            0x080065a5   Thumb Code   156  dnaninf.o(x$fpl$dnaninf)
    __fpl_dretinf                            0x08006641   Thumb Code    12  dretinf.o(x$fpl$dretinf)
    __aeabi_cdrcmple                         0x0800664d   Thumb Code     0  drleqf.o(x$fpl$drleqf)
    _drcmple                                 0x0800664d   Thumb Code   108  drleqf.o(x$fpl$drleqf)
    __aeabi_drsub                            0x080066b9   Thumb Code     0  daddsub_clz.o(x$fpl$drsb)
    _drsb                                    0x080066b9   Thumb Code    22  daddsub_clz.o(x$fpl$drsb)
    __aeabi_dsub                             0x080066d1   Thumb Code     0  daddsub_clz.o(x$fpl$dsub)
    _dsub                                    0x080066d1   Thumb Code   464  daddsub_clz.o(x$fpl$dsub)
    __aeabi_f2d                              0x080068a5   Thumb Code     0  f2d.o(x$fpl$f2d)
    _f2d                                     0x080068a5   Thumb Code    86  f2d.o(x$fpl$f2d)
    __fpl_fnaninf                            0x080068fb   Thumb Code   140  fnaninf.o(x$fpl$fnaninf)
    _fp_init                                 0x08006987   Thumb Code    10  fpinit.o(x$fpl$fpinit)
    __fplib_config_fpu_vfp                   0x0800698f   Thumb Code     0  fpinit.o(x$fpl$fpinit)
    __fplib_config_pureend_doubles           0x0800698f   Thumb Code     0  fpinit.o(x$fpl$fpinit)
    __fpl_fretinf                            0x08006991   Thumb Code    10  fretinf.o(x$fpl$fretinf)
    __I$use$fp                               0x0800699a   Number         0  usenofp.o(x$fpl$usenofp)
    a1                                       0x0800699c   Data           4  control.o(.constdata)
    b1                                       0x080069a0   Data           4  control.o(.constdata)
    l1                                       0x080069a4   Data           4  control.o(.constdata)
    k1                                       0x080069a8   Data           4  control.o(.constdata)
    k2                                       0x080069ac   Data           4  control.o(.constdata)
    power_data                               0x080069b0   Data         244  control.o(.constdata)
    CRC8_INIT                                0x08006aa4   Data           1  referee_system.o(.constdata)
    CRC8_TAB                                 0x08006aa5   Data         256  referee_system.o(.constdata)
    wCRC_Table                               0x08006ba6   Data         512  referee_system.o(.constdata)
    Region$$Table$$Base                      0x08006da8   Number         0  anon$$obj.o(Region$$Table)
    Region$$Table$$Limit                     0x08006dc8   Number         0  anon$$obj.o(Region$$Table)
    SystemCoreClock                          0x20000000   Data           4  system_stm32f4xx.o(.data)
    AHBPrescTable                            0x20000004   Data          16  system_stm32f4xx.o(.data)
    time_tick_1ms                            0x20000018   Data           4  control.o(.data)
    pitch_move                               0x2000001c   Data           2  control.o(.data)
    yaw_move                                 0x2000001e   Data           2  control.o(.data)
    CM1Speed                                 0x20000020   Data           2  control.o(.data)
    CM2Speed                                 0x20000022   Data           2  control.o(.data)
    CM3Speed                                 0x20000024   Data           2  control.o(.data)
    CM4Speed                                 0x20000026   Data           2  control.o(.data)
    MPUEX_Yaw_Init                           0x20000028   Data           2  control.o(.data)
    cur_shooter_heat16                       0x2000002c   Data           4  control.o(.data)
    speed                                    0x20000030   Data           2  control.o(.data)
    max_Power                                0x20000038   Data           8  control.o(.data)
    my                                       0x20000040   Data           2  control.o(.data)
    vx                                       0x20000048   Data           8  control.o(.data)
    vy                                       0x20000050   Data           8  control.o(.data)
    zz                                       0x20000058   Data           8  control.o(.data)
    w0                                       0x20000060   Data           8  control.o(.data)
    vz                                       0x20000068   Data           8  control.o(.data)
    K_Speed                                  0x20000070   Data           8  control.o(.data)
    gyro_speed                               0x20000078   Data           2  control.o(.data)
    denfense_time_flag                       0x2000007a   Data           1  control.o(.data)
    denfense_time_count                      0x2000007c   Data           2  control.o(.data)
    denfense_time_period                     0x2000007e   Data           2  control.o(.data)
    yaw_bias_position                        0x20000080   Data           2  control.o(.data)
    sumOfCurrent                             0x20000084   Data           4  control.o(.data)
    shooting_time                            0x20000088   Data           4  control.o(.data)
    friction_speed                           0x20000090   Data           1  remote.o(.data)
    Keyboard                                 0x20000091   Data           4  remote.o(.data)
    denfense_mode                            0x20000095   Data           1  remote.o(.data)
    minipc_mode                              0x20000096   Data           1  remote.o(.data)
    buff_mode                                0x20000097   Data           1  remote.o(.data)
    shooting_allow                           0x20000098   Data           1  remote.o(.data)
    shooting_position                        0x2000009a   Data           2  remote.o(.data)
    control_mode                             0x2000009c   Data           1  remote.o(.data)
    PC_pitch_ref                             0x200000a0   Data           4  remote.o(.data)
    PC_yaw_ref                               0x200000a4   Data           4  remote.o(.data)
    RC_yaw_ref                               0x200000a8   Data           4  remote.o(.data)
    RC_pitch_ref                             0x200000ac   Data           4  remote.o(.data)
    flag                                     0x200000b0   Data           1  remote.o(.data)
    shootSpeed                               0x200000b4   Data           4  remote.o(.data)
    Remote_run_flag                          0x200000b8   Data           1  remote.o(.data)
    shoot_num                                0x200000b9   Data           1  remote.o(.data)
    Last_s1                                  0x200000ba   Data           1  remote.o(.data)
    friction_flag                            0x200000bb   Data           1  remote.o(.data)
    shooting_flag                            0x200000bc   Data           1  remote.o(.data)
    K_stall                                  0x200000c0   Data           8  remote.o(.data)
    K_stall_closeDelayCount                  0x200000c8   Data           2  remote.o(.data)
    friction_closeDelayCount                 0x200000ca   Data           2  remote.o(.data)
    PC_Dog_closeDelayCount                   0x200000cc   Data           2  remote.o(.data)
    mini_closeDelayCount                     0x200000ce   Data           2  remote.o(.data)
    fangdou_time                             0x200000d0   Data           4  remote.o(.data)
    fangdou_cur_time                         0x200000d4   Data           4  remote.o(.data)
    n                                        0x200000d8   Data           4  imu_ex.o(.data)
    b                                        0x200000dc   Data           4  imu_ex.o(.data)
    iii                                      0x200000e0   Data           4  imu_ex.o(.data)
    j                                        0x200000e4   Data           4  imu_ex.o(.data)
    real                                     0x200000e8   Data           4  imu_ex.o(.data)
    Dog                                      0x200000ed   Data           5  iwdg.o(.data)
    Rx_Ok                                    0x200000f4   Data           1  usart2.o(.data)
    roll_p                                   0x200000f6   Data           2  usart2.o(.data)
    roll_i                                   0x200000f8   Data           2  usart2.o(.data)
    roll_d                                   0x200000fa   Data           2  usart2.o(.data)
    pitch_p                                  0x200000fc   Data           2  usart2.o(.data)
    pitch_i                                  0x200000fe   Data           2  usart2.o(.data)
    pitch_d                                  0x20000100   Data           2  usart2.o(.data)
    yaw_p                                    0x20000102   Data           2  usart2.o(.data)
    yaw_i                                    0x20000104   Data           2  usart2.o(.data)
    yaw_d                                    0x20000106   Data           2  usart2.o(.data)
    max_heat16                               0x20000108   Data           4  referee_system.o(.data)
    U_deal                                   0x2000010c   Data           4  referee_system.o(.data)
    I_deal                                   0x20000110   Data           4  referee_system.o(.data)
    P_deal                                   0x20000114   Data           4  referee_system.o(.data)
    ShotSpeed                                0x20000118   Data           4  referee_system.o(.data)
    P_buffer                                 0x2000011c   Data           4  referee_system.o(.data)
    heat_16                                  0x20000120   Data           2  referee_system.o(.data)
    heat_42                                  0x20000122   Data           2  referee_system.o(.data)
    mylastblood                              0x20000124   Data           2  referee_system.o(.data)
    p_header                                 0x20000128   Data           4  referee_system.o(.data)
    CRC_INIT                                 0x2000012c   Data           2  referee_system.o(.data)
    Itemp                                    0x20000130   Data           4  referee_system.o(.data)
    UARTtemp                                 0x20000134   Data           1  referee_system.o(.data)
    CM1_speed_pid                            0x20000150   Data         128  pid.o(.bss)
    CM2_speed_pid                            0x200001d0   Data         128  pid.o(.bss)
    CM3_speed_pid                            0x20000250   Data         128  pid.o(.bss)
    CM4_speed_pid                            0x200002d0   Data         128  pid.o(.bss)
    Gyro_normal_pid                          0x20000350   Data         128  pid.o(.bss)
    Yaw_speed_pid                            0x200003d0   Data         128  pid.o(.bss)
    Yaw_position_pid                         0x20000450   Data         128  pid.o(.bss)
    Yaw_resist_pid                           0x200004d0   Data         128  pid.o(.bss)
    Pitch_speed_pid                          0x20000550   Data         128  pid.o(.bss)
    Pitch_position_pid                       0x200005d0   Data         128  pid.o(.bss)
    Shoot_speed_pid                          0x20000650   Data         128  pid.o(.bss)
    Shoot_position_pid                       0x200006d0   Data         128  pid.o(.bss)
    Power_limit_pid                          0x20000750   Data         128  pid.o(.bss)
    gyro_rx_buffer                           0x200007d0   Data          25  imu_ex.o(.bss)
    gyro_rx_buffer_Last                      0x200007e9   Data          25  imu_ex.o(.bss)
    gyro_rx_buffer_real                      0x20000802   Data          25  imu_ex.o(.bss)
    MPUEX                                    0x2000081c   Data          16  imu_ex.o(.bss)
    CM1_Feedback                             0x2000082c   Data          28  can.o(.bss)
    CM2_Feedback                             0x20000848   Data          28  can.o(.bss)
    CM3_Feedback                             0x20000864   Data          28  can.o(.bss)
    CM4_Feedback                             0x20000880   Data          28  can.o(.bss)
    Yaw_speed_Feedback                       0x2000089c   Data          28  can.o(.bss)
    Yaw_position_Feedback                    0x200008b8   Data          28  can.o(.bss)
    Pitch_speed_Feedback                     0x200008d4   Data          28  can.o(.bss)
    Pitch_position_Feedback                  0x200008f0   Data          28  can.o(.bss)
    Shoot_speed_Feedback                     0x2000090c   Data          28  can.o(.bss)
    Shoot_position_Feedback                  0x20000928   Data          28  can.o(.bss)
    sbus_rx_buffer                           0x20000944   Data          25  dbus.o(.bss)
    RC_Ctl                                   0x2000095e   Data          20  dbus.o(.bss)
    Send_Data_Buf                            0x20000972   Data          34  usart2.o(.bss)
    Rx_Buf                                   0x20000994   Data         128  usart2.o(.bss)
    referee_system_rx_buffer                 0x20000a18   Data          44  referee_system.o(.bss)
    JudgeDataBuffer                          0x20000a44   Data         150  referee_system.o(.bss)
    InfantryJudge                            0x20000ae0   Data          64  referee_system.o(.bss)
    customize                                0x20000b20   Data          14  referee_system.o(.bss)
    computer_tx_buf                          0x20000b2e   Data          23  referee_system.o(.bss)
    __libspace_start                         0x20000b48   Data          96  libspace.o(.bss)
    __temporary_stack_top$libspace           0x20000ba8   Data           0  libspace.o(.bss)



==============================================================================

Memory Map of the image

  Image Entry point : 0x080001ad

  Load Region LR_IROM1 (Base: 0x08000000, Size: 0x00006f14, Max: 0x00200000, ABSOLUTE, COMPRESSED[0x00006e14])

    Execution Region ER_IROM1 (Base: 0x08000000, Size: 0x00006dc8, Max: 0x00200000, ABSOLUTE)

    Base Addr    Size         Type   Attr      Idx    E Section Name        Object

    0x08000000   0x000001ac   Data   RO         1053    RESET               startup_stm32f427_437xx.o
    0x080001ac   0x00000008   Code   RO         1068  * !!!main             c_w.l(__main.o)
    0x080001b4   0x00000034   Code   RO         1271    !!!scatter          c_w.l(__scatter.o)
    0x080001e8   0x0000005a   Code   RO         1269    !!dczerorl2         c_w.l(__dczerorl2.o)
    0x08000242   0x00000002   PAD
    0x08000244   0x0000001c   Code   RO         1273    !!handler_zi        c_w.l(__scatter_zi.o)
    0x08000260   0x00000002   Code   RO         1140    .ARM.Collect$$libinit$$00000000  c_w.l(libinit.o)
    0x08000262   0x00000004   Code   RO         1146    .ARM.Collect$$libinit$$00000001  c_w.l(libinit2.o)
    0x08000266   0x00000000   Code   RO         1149    .ARM.Collect$$libinit$$00000004  c_w.l(libinit2.o)
    0x08000266   0x00000000   Code   RO         1152    .ARM.Collect$$libinit$$0000000A  c_w.l(libinit2.o)
    0x08000266   0x00000000   Code   RO         1154    .ARM.Collect$$libinit$$0000000C  c_w.l(libinit2.o)
    0x08000266   0x00000000   Code   RO         1156    .ARM.Collect$$libinit$$0000000E  c_w.l(libinit2.o)
    0x08000266   0x00000000   Code   RO         1159    .ARM.Collect$$libinit$$00000011  c_w.l(libinit2.o)
    0x08000266   0x00000000   Code   RO         1161    .ARM.Collect$$libinit$$00000013  c_w.l(libinit2.o)
    0x08000266   0x00000000   Code   RO         1163    .ARM.Collect$$libinit$$00000015  c_w.l(libinit2.o)
    0x08000266   0x00000000   Code   RO         1165    .ARM.Collect$$libinit$$00000017  c_w.l(libinit2.o)
    0x08000266   0x00000000   Code   RO         1167    .ARM.Collect$$libinit$$00000019  c_w.l(libinit2.o)
    0x08000266   0x00000000   Code   RO         1169    .ARM.Collect$$libinit$$0000001B  c_w.l(libinit2.o)
    0x08000266   0x00000000   Code   RO         1171    .ARM.Collect$$libinit$$0000001D  c_w.l(libinit2.o)
    0x08000266   0x00000000   Code   RO         1173    .ARM.Collect$$libinit$$0000001F  c_w.l(libinit2.o)
    0x08000266   0x00000000   Code   RO         1175    .ARM.Collect$$libinit$$00000021  c_w.l(libinit2.o)
    0x08000266   0x00000000   Code   RO         1177    .ARM.Collect$$libinit$$00000023  c_w.l(libinit2.o)
    0x08000266   0x00000000   Code   RO         1179    .ARM.Collect$$libinit$$00000025  c_w.l(libinit2.o)
    0x08000266   0x00000000   Code   RO         1183    .ARM.Collect$$libinit$$0000002C  c_w.l(libinit2.o)
    0x08000266   0x00000000   Code   RO         1185    .ARM.Collect$$libinit$$0000002E  c_w.l(libinit2.o)
    0x08000266   0x00000000   Code   RO         1187    .ARM.Collect$$libinit$$00000030  c_w.l(libinit2.o)
    0x08000266   0x00000000   Code   RO         1189    .ARM.Collect$$libinit$$00000032  c_w.l(libinit2.o)
    0x08000266   0x00000002   Code   RO         1190    .ARM.Collect$$libinit$$00000033  c_w.l(libinit2.o)
    0x08000268   0x00000002   Code   RO         1210    .ARM.Collect$$libshutdown$$00000000  c_w.l(libshutdown.o)
    0x0800026a   0x00000000   Code   RO         1224    .ARM.Collect$$libshutdown$$00000003  c_w.l(libshutdown2.o)
    0x0800026a   0x00000000   Code   RO         1227    .ARM.Collect$$libshutdown$$00000006  c_w.l(libshutdown2.o)
    0x0800026a   0x00000000   Code   RO         1230    .ARM.Collect$$libshutdown$$00000009  c_w.l(libshutdown2.o)
    0x0800026a   0x00000000   Code   RO         1232    .ARM.Collect$$libshutdown$$0000000B  c_w.l(libshutdown2.o)
    0x0800026a   0x00000000   Code   RO         1235    .ARM.Collect$$libshutdown$$0000000E  c_w.l(libshutdown2.o)
    0x0800026a   0x00000002   Code   RO         1236    .ARM.Collect$$libshutdown$$0000000F  c_w.l(libshutdown2.o)
    0x0800026c   0x00000000   Code   RO         1102    .ARM.Collect$$rtentry$$00000000  c_w.l(__rtentry.o)
    0x0800026c   0x00000000   Code   RO         1117    .ARM.Collect$$rtentry$$00000002  c_w.l(__rtentry2.o)
    0x0800026c   0x00000006   Code   RO         1129    .ARM.Collect$$rtentry$$00000004  c_w.l(__rtentry4.o)
    0x08000272   0x00000000   Code   RO         1119    .ARM.Collect$$rtentry$$00000009  c_w.l(__rtentry2.o)
    0x08000272   0x00000004   Code   RO         1120    .ARM.Collect$$rtentry$$0000000A  c_w.l(__rtentry2.o)
    0x08000276   0x00000000   Code   RO         1122    .ARM.Collect$$rtentry$$0000000C  c_w.l(__rtentry2.o)
    0x08000276   0x00000008   Code   RO         1123    .ARM.Collect$$rtentry$$0000000D  c_w.l(__rtentry2.o)
    0x0800027e   0x00000002   Code   RO         1144    .ARM.Collect$$rtexit$$00000000  c_w.l(rtexit.o)
    0x08000280   0x00000000   Code   RO         1192    .ARM.Collect$$rtexit$$00000002  c_w.l(rtexit2.o)
    0x08000280   0x00000004   Code   RO         1193    .ARM.Collect$$rtexit$$00000003  c_w.l(rtexit2.o)
    0x08000284   0x00000006   Code   RO         1194    .ARM.Collect$$rtexit$$00000004  c_w.l(rtexit2.o)
    0x0800028a   0x00000002   PAD
    0x0800028c   0x00000054   Code   RO            3    .text               main.o
    0x080002e0   0x0000001a   Code   RO          216    .text               stm32f4xx_it.o
    0x080002fa   0x00000002   PAD
    0x080002fc   0x00000244   Code   RO          265    .text               system_stm32f4xx.o
    0x08000540   0x000003a0   Code   RO          291    .text               bsp.o
    0x080008e0   0x00000af8   Code   RO          314    .text               control.o
    0x080013d8   0x00000740   Code   RO          374    .text               pid.o
    0x08001b18   0x000002f4   Code   RO          461    .text               imu_ex.o
    0x08001e0c   0x00000078   Code   RO          488    .text               led.o
    0x08001e84   0x00000038   Code   RO          508    .text               laser.o
    0x08001ebc   0x00000088   Code   RO          528    .text               key.o
    0x08001f44   0x00000368   Code   RO          549    .text               can.o
    0x080022ac   0x00000218   Code   RO          583    .text               dbus.o
    0x080024c4   0x000000c0   Code   RO          609    .text               timer.o
    0x08002584   0x00000160   Code   RO          695    .text               friction.o
    0x080026e4   0x00000650   Code   RO          715    .text               usart2.o
    0x08002d34   0x00000040   Code   RO          739    .text               superdr.o
    0x08002d74   0x000005a8   Code   RO          759    .text               referee_system.o
    0x0800331c   0x00000104   Code   RO          791    .text               delay.o
    0x08003420   0x000000e0   Code   RO          831    .text               misc.o
    0x08003500   0x00000294   Code   RO          851    .text               stm32f4xx_gpio.o
    0x08003794   0x00000660   Code   RO          871    .text               stm32f4xx_rcc.o
    0x08003df4   0x00000454   Code   RO          913    .text               stm32f4xx_usart.o
    0x08004248   0x000009f0   Code   RO          933    .text               stm32f4xx_can.o
    0x08004c38   0x000003a8   Code   RO          953    .text               stm32f4xx_dma.o
    0x08004fe0   0x00000ca2   Code   RO          973    .text               stm32f4xx_tim.o
    0x08005c82   0x00000002   PAD
    0x08005c84   0x00000040   Code   RO         1054    .text               startup_stm32f427_437xx.o
    0x08005cc4   0x0000008a   Code   RO         1060    .text               c_w.l(rt_memcpy_v6.o)
    0x08005d4e   0x00000064   Code   RO         1062    .text               c_w.l(rt_memcpy_w.o)
    0x08005db2   0x00000044   Code   RO         1064    .text               c_w.l(rt_memclr.o)
    0x08005df6   0x00000006   Code   RO         1066    .text               c_w.l(heapauxi.o)
    0x08005dfc   0x0000004e   Code   RO         1103    .text               c_w.l(rt_memclr_w.o)
    0x08005e4a   0x0000004a   Code   RO         1131    .text               c_w.l(sys_stackheap_outer.o)
    0x08005e94   0x0000000c   Code   RO         1133    .text               c_w.l(exit.o)
    0x08005ea0   0x00000008   Code   RO         1141    .text               c_w.l(libspace.o)
    0x08005ea8   0x0000000c   Code   RO         1202    .text               c_w.l(sys_exit.o)
    0x08005eb4   0x00000002   Code   RO         1213    .text               c_w.l(use_no_semi.o)
    0x08005eb6   0x00000000   Code   RO         1215    .text               c_w.l(indicate_semi.o)
    0x08005eb6   0x00000018   Code   RO         1070    x$fpl$basic         fz_wm.l(basic.o)
    0x08005ece   0x00000002   PAD
    0x08005ed0   0x00000062   Code   RO         1072    x$fpl$d2f           fz_wm.l(d2f.o)
    0x08005f32   0x00000002   PAD
    0x08005f34   0x00000150   Code   RO         1074    x$fpl$dadd          fz_wm.l(daddsub_clz.o)
    0x08006084   0x00000018   Code   RO         1105    x$fpl$dcmpinf       fz_wm.l(dcmpi.o)
    0x0800609c   0x000002b0   Code   RO         1081    x$fpl$ddiv          fz_wm.l(ddiv.o)
    0x0800634c   0x0000005e   Code   RO         1084    x$fpl$dfix          fz_wm.l(dfix.o)
    0x080063aa   0x0000002e   Code   RO         1089    x$fpl$dflt          fz_wm.l(dflt_clz.o)
    0x080063d8   0x00000078   Code   RO         1094    x$fpl$dleqf         fz_wm.l(dleqf.o)
    0x08006450   0x00000154   Code   RO         1096    x$fpl$dmul          fz_wm.l(dmul.o)
    0x080065a4   0x0000009c   Code   RO         1107    x$fpl$dnaninf       fz_wm.l(dnaninf.o)
    0x08006640   0x0000000c   Code   RO         1109    x$fpl$dretinf       fz_wm.l(dretinf.o)
    0x0800664c   0x0000006c   Code   RO         1098    x$fpl$drleqf        fz_wm.l(drleqf.o)
    0x080066b8   0x00000016   Code   RO         1075    x$fpl$drsb          fz_wm.l(daddsub_clz.o)
    0x080066ce   0x00000002   PAD
    0x080066d0   0x000001d4   Code   RO         1076    x$fpl$dsub          fz_wm.l(daddsub_clz.o)
    0x080068a4   0x00000056   Code   RO         1100    x$fpl$f2d           fz_wm.l(f2d.o)
    0x080068fa   0x0000008c   Code   RO         1111    x$fpl$fnaninf       fz_wm.l(fnaninf.o)
    0x08006986   0x0000000a   Code   RO         1200    x$fpl$fpinit        fz_wm.l(fpinit.o)
    0x08006990   0x0000000a   Code   RO         1113    x$fpl$fretinf       fz_wm.l(fretinf.o)
    0x0800699a   0x00000000   Code   RO         1115    x$fpl$usenofp       fz_wm.l(usenofp.o)
    0x0800699a   0x00000002   PAD
    0x0800699c   0x00000108   Data   RO          316    .constdata          control.o
    0x08006aa4   0x00000302   Data   RO          761    .constdata          referee_system.o
    0x08006da6   0x00000002   PAD
    0x08006da8   0x00000020   Data   RO         1267    Region$$Table       anon$$obj.o


    Execution Region RW_IRAM1 (Base: 0x20000000, Size: 0x000011a8, Max: 0x00030000, ABSOLUTE, COMPRESSED[0x0000004c])

    Base Addr    Size         Type   Attr      Idx    E Section Name        Object

    0x20000000   0x00000014   Data   RW          266    .data               system_stm32f4xx.o
    0x20000014   0x00000004   PAD
    0x20000018   0x00000074   Data   RW          317    .data               control.o
    0x2000008c   0x00000004   PAD
    0x20000090   0x00000048   Data   RW          347    .data               remote.o
    0x200000d8   0x00000014   Data   RW          463    .data               imu_ex.o
    0x200000ec   0x00000001   Data   RW          529    .data               key.o
    0x200000ed   0x00000005   Data   RW          630    .data               iwdg.o
    0x200000f2   0x00000016   Data   RW          717    .data               usart2.o
    0x20000108   0x0000002d   Data   RW          762    .data               referee_system.o
    0x20000135   0x00000001   PAD
    0x20000136   0x00000004   Data   RW          792    .data               delay.o
    0x2000013a   0x00000010   Data   RW          872    .data               stm32f4xx_rcc.o
    0x2000014a   0x00000006   PAD
    0x20000150   0x00000680   Zero   RW          375    .bss                pid.o
    0x200007d0   0x0000005c   Zero   RW          462    .bss                imu_ex.o
    0x2000082c   0x00000118   Zero   RW          550    .bss                can.o
    0x20000944   0x0000002e   Zero   RW          584    .bss                dbus.o
    0x20000972   0x000000a2   Zero   RW          716    .bss                usart2.o
    0x20000a14   0x00000004   PAD
    0x20000a18   0x0000012d   Zero   RW          760    .bss                referee_system.o
    0x20000b45   0x00000003   PAD
    0x20000b48   0x00000060   Zero   RW         1142    .bss                c_w.l(libspace.o)
    0x20000ba8   0x00000200   Zero   RW         1052    HEAP                startup_stm32f427_437xx.o
    0x20000da8   0x00000400   Zero   RW         1051    STACK               startup_stm32f427_437xx.o


==============================================================================

Image component sizes


      Code (inc. data)   RO Data    RW Data    ZI Data      Debug   Object Name

       928        318          0          0          0        704   bsp.o
       872         52          0          0        280       4639   can.o
      2808        330        264        116          0       3655   control.o
       536         36          0          0         46       2892   dbus.o
       260          8          0          4          0       1465   delay.o
       352         18          0          0          0        840   friction.o
       756         60          0         20         92       2372   imu_ex.o
         0          0          0          5          0        602   iwdg.o
       136         10          0          1          0        788   key.o
        56          4          0          0          0        541   laser.o
       120          8          0          0          0        567   led.o
        84         18          0          0          0     309531   main.o
       224         20          0          0          0       1845   misc.o
      1856         64          0          0       1664       3676   pid.o
      1448        114        770         45        301       7283   referee_system.o
         0          0          0         72          0       2030   remote.o
        64         26        428          0       1536        844   startup_stm32f427_437xx.o
      2544         38          0          0          0       7996   stm32f4xx_can.o
       936         32          0          0          0       6321   stm32f4xx_dma.o
       660         44          0          0          0       4121   stm32f4xx_gpio.o
        26          0          0          0          0       1234   stm32f4xx_it.o
      1632         54          0         16          0      12980   stm32f4xx_rcc.o
      3234         60          0          0          0      22324   stm32f4xx_tim.o
      1108         34          0          0          0       7820   stm32f4xx_usart.o
        64          4          0          0          0        672   superdr.o
       580         46          0         20          0       1847   system_stm32f4xx.o
       192          6          0          0          0       1135   timer.o
      1616        126          0         22        162       3745   usart2.o

    ----------------------------------------------------------------------
     23096       1530       1496        332       4092     414469   Object Totals
         0          0         32          0          0          0   (incl. Generated)
         4          0          2         11         11          0   (incl. Padding)

    ----------------------------------------------------------------------

      Code (inc. data)   RO Data    RW Data    ZI Data      Debug   Library Member Name

        90          0          0          0          0          0   __dczerorl2.o
         8          0          0          0          0         68   __main.o
         0          0          0          0          0          0   __rtentry.o
        12          0          0          0          0          0   __rtentry2.o
         6          0          0          0          0          0   __rtentry4.o
        52          8          0          0          0          0   __scatter.o
        28          0          0          0          0          0   __scatter_zi.o
        12          0          0          0          0         72   exit.o
         6          0          0          0          0        152   heapauxi.o
         0          0          0          0          0          0   indicate_semi.o
         2          0          0          0          0          0   libinit.o
         6          0          0          0          0          0   libinit2.o
         2          0          0          0          0          0   libshutdown.o
         2          0          0          0          0          0   libshutdown2.o
         8          4          0          0         96         68   libspace.o
        68          0          0          0          0         68   rt_memclr.o
        78          0          0          0          0         80   rt_memclr_w.o
       138          0          0          0          0         68   rt_memcpy_v6.o
       100          0          0          0          0         80   rt_memcpy_w.o
         2          0          0          0          0          0   rtexit.o
        10          0          0          0          0          0   rtexit2.o
        12          4          0          0          0         68   sys_exit.o
        74          0          0          0          0         80   sys_stackheap_outer.o
         2          0          0          0          0         68   use_no_semi.o
        24          0          0          0          0        164   basic.o
        98          4          0          0          0        140   d2f.o
       826         16          0          0          0        492   daddsub_clz.o
        24          0          0          0          0        116   dcmpi.o
       688        140          0          0          0        256   ddiv.o
        94          4          0          0          0        140   dfix.o
        46          0          0          0          0        116   dflt_clz.o
       120          4          0          0          0        140   dleqf.o
       340         12          0          0          0        152   dmul.o
       156          4          0          0          0        140   dnaninf.o
        12          0          0          0          0        116   dretinf.o
       108          0          0          0          0        128   drleqf.o
        86          4          0          0          0        132   f2d.o
       140          4          0          0          0        132   fnaninf.o
        10          0          0          0          0        116   fpinit.o
        10          0          0          0          0        116   fretinf.o
         0          0          0          0          0          0   usenofp.o

    ----------------------------------------------------------------------
      3512        208          0          0         96       3468   Library Totals
        12          0          0          0          0          0   (incl. Padding)

    ----------------------------------------------------------------------

      Code (inc. data)   RO Data    RW Data    ZI Data      Debug   Library Name

       718         16          0          0         96        872   c_w.l
      2782        192          0          0          0       2596   fz_wm.l

    ----------------------------------------------------------------------
      3512        208          0          0         96       3468   Library Totals

    ----------------------------------------------------------------------

==============================================================================


      Code (inc. data)   RO Data    RW Data    ZI Data      Debug   

     26608       1738       1496        332       4188     411573   Grand Totals
     26608       1738       1496         76       4188     411573   ELF Image Totals (compressed)
     26608       1738       1496         76          0          0   ROM Totals

==============================================================================

    Total RO  Size (Code + RO Data)                28104 (  27.45kB)
    Total RW  Size (RW Data + ZI Data)              4520 (   4.41kB)
    Total ROM Size (Code + RO Data + RW Data)      28180 (  27.52kB)

==============================================================================

