<html>
<body>
<pre>
<h1>µVision Build Log</h1>
<h2>Tool Versions:</h2>
IDE-Version: ¦ÌVision V5.14.0.0
Copyright (C) 2015 ARM Ltd and ARM Germany GmbH. All rights reserved.
License Information: ViE null, VOiCE, LIC=Q7GX7-EHEM2-79LG1-C3MBR-N60J6-70QQ8
 
Tool Versions:
Toolchain:       MDK-ARM Professional  Version: 5.14.0.0
Toolchain Path:  D:\Software\Keil_v5\ARM\ARMCC\Bin
C Compiler:      Armcc.exe V5.05 update 1 (build 106)
Assembler:       Armasm.exe V5.05 update 1 (build 106)
Linker/Locator:  ArmLink.exe V5.05 update 1 (build 106)
Library Manager: ArmAr.exe V5.05 update 1 (build 106)
Hex Converter:   FromElf.exe V5.05 update 1 (build 106)
CPU DLL:         SARMCM3.DLL V5.14.0.0
Dialog DLL:      DCM.DLL V1.13.1.0
Target DLL:      Segger\JL2CM3.dll V2.99.13.0
Dialog DLL:      TCM.DLL V1.14.4.0
 
<h2>Project:</h2>
D:\Tempfiles\Robomasters\1ºÅ5.12×îÖÕ\1ºÅ5.12×îÖÕ\USER\YSUROBOT.uvprojx
Project File Date:  04/29/2018

<h2>Output:</h2>
Build target 'ETROBOT'
compiling referee_system.c...
..\HARDWARE\SUPERDR\superDR.h(5): warning:  #1295-D: Deprecated declaration superDR_init - give arg types
  void superDR_init();
..\HARDWARE\SUPERDR\superDR.h(6): warning:  #1295-D: Deprecated declaration superDR_open - give arg types
  void superDR_open();
..\HARDWARE\REFEREE_SYSTEM\referee_system.c: 2 warnings, 0 errors
linking...
Program Size: Code=26608 RO-data=1496 RW-data=332 ZI-data=4188  
FromELF: creating hex file...
"..\OBJ\CAN.axf" - 0 Error(s), 2 Warning(s).

<h2>Collection of Component include folders:</h2>
  D:\Tempfiles\Robomasters\1ºÅ5.12×îÖÕ\1ºÅ5.12×îÖÕ\USER\RTE
  D:\Software\Keil_v5\ARM\PACK\Keil\STM32F4xx_DFP\1.0.8\Device\Include

<h2>Collection of Component Files used:</h2>
</pre>
</body>
</html>
